{"scene": "split", "arm": "real", "label": "initial_audit", "reason": "original start qualified"}
{"scene": "split", "arm": "real", "label": "prescribed_td_initialization", "reason": "preserve common data-only TD seed configuration after initial numerical audit"}
{"scene": "split", "arm": "real", "label": "warmup_025_damped", "reason": "resolved stage entered"}
{"scene": "split", "arm": "real", "label": "warmup_025_damped", "reason": "stage returned"}
{"scene": "split", "arm": "real", "label": "stage_1_damped", "reason": "resolved stage entered"}
{"scene": "split", "arm": "real", "label": "stage_1_damped", "reason": "stage returned"}
{"scene": "split", "arm": "real", "label": "stage_2_damped", "reason": "resolved stage entered"}
{"scene": "split", "arm": "real", "label": "stage_2_damped", "reason": "stage returned"}
{"scene": "split", "arm": "real", "label": "stage_3_damped", "reason": "resolved stage entered"}
{"scene": "split", "arm": "real", "label": "stage_3_damped", "reason": "stage returned"}
{"scene": "split", "arm": "real", "label": "stage_4_damped", "reason": "resolved stage entered"}
{"scene": "split", "arm": "real", "label": "stage_4_damped", "reason": "stage returned"}
{"scene": "split", "arm": "real", "label": "stage_4_undamped", "reason": "resolved stage entered"}
{"scene": "split", "arm": "real", "label": "stage_4_undamped", "reason": "stage returned"}
{"scene": "split", "arm": "real", "label": "release_M11", "reason": "resolved stage entered"}
{"scene": "split", "arm": "real", "label": "release_M11", "reason": "stage returned"}
{"scene": "split", "arm": "real", "label": "release_M15", "reason": "resolved stage entered"}
{"scene": "split", "arm": "real", "label": "release_M15", "reason": "stage returned"}
{"scene": "split", "arm": "real", "label": "release_M19", "reason": "resolved stage entered"}
{"scene": "split", "arm": "real", "label": "release_M19", "reason": "stage returned"}
{"scene": "split", "arm": "real", "label": "fixed_M25_cleanup", "reason": "policy cleanup entered"}
{"scene": "split", "arm": "real", "label": "fixed_M25", "reason": "resolved stage entered"}
{"scene": "split", "arm": "real", "label": "fixed_M25", "reason": "stage returned"}
{"scene": "split", "arm": "real", "label": "fixed_M31", "reason": "resolved stage entered"}
{"scene": "split", "arm": "real", "label": "fixed_M31", "reason": "stage returned"}
{"scene": "split", "arm": "real", "label": "fixed_M37", "reason": "resolved stage entered"}
{"scene": "split", "arm": "real", "label": "fixed_M37", "reason": "stage returned"}
{"scene": "split", "arm": "real", "label": "observable_frontier", "reason": "frontier at or below completed band"}
{"scene": "split", "arm": "real", "label": "final_audit", "reason": "fit returned; audit endpoint"}
{"scene": "split", "arm": "real", "label": "final_audit", "reason": "endpoint qualified"}
{"scene": "split", "arm": "real", "status": "EXCEPTION", "seconds": 688.2299480959773}
