{"scene": "far-two-circles", "arm": "real", "label": "initial_audit", "reason": "original start qualified"}
{"scene": "far-two-circles", "arm": "real", "label": "prescribed_td_initialization", "reason": "preserve common data-only TD seed configuration after initial numerical audit"}
{"scene": "far-two-circles", "arm": "real", "label": "warmup_025_damped", "reason": "resolved stage entered"}
{"scene": "far-two-circles", "arm": "real", "label": "warmup_025_damped", "reason": "stage returned"}
{"scene": "far-two-circles", "arm": "real", "label": "stage_1_damped", "reason": "resolved stage entered"}
{"scene": "far-two-circles", "arm": "real", "label": "stage_1_damped", "reason": "stage returned"}
{"scene": "far-two-circles", "arm": "real", "label": "stage_2_damped", "reason": "resolved stage entered"}
{"scene": "far-two-circles", "arm": "real", "label": "stage_2_damped", "reason": "stage returned"}
{"scene": "far-two-circles", "arm": "real", "label": "stage_3_damped", "reason": "resolved stage entered"}
{"scene": "far-two-circles", "arm": "real", "label": "stage_3_damped", "reason": "stage returned"}
{"scene": "far-two-circles", "arm": "real", "label": "stage_4_damped", "reason": "resolved stage entered"}
{"scene": "far-two-circles", "arm": "real", "label": "stage_4_damped", "reason": "stage returned"}
{"scene": "far-two-circles", "arm": "real", "label": "stage_4_undamped", "reason": "resolved stage entered"}
{"scene": "far-two-circles", "arm": "real", "label": "stage_4_undamped", "reason": "stage returned"}
{"scene": "far-two-circles", "arm": "real", "label": "release_M11", "reason": "resolved stage entered"}
{"scene": "far-two-circles", "arm": "real", "label": "release_M11", "reason": "stage returned"}
{"scene": "far-two-circles", "arm": "real", "label": "release_M15", "reason": "resolved stage entered"}
{"scene": "far-two-circles", "arm": "real", "label": "release_M15", "reason": "stage returned"}
{"scene": "far-two-circles", "arm": "real", "label": "release_M19", "reason": "resolved stage entered"}
{"scene": "far-two-circles", "arm": "real", "label": "release_M19", "reason": "stage returned"}
{"scene": "far-two-circles", "arm": "real", "label": "fixed_M25_cleanup", "reason": "policy cleanup entered"}
{"scene": "far-two-circles", "arm": "real", "label": "fixed_M25", "reason": "resolved stage entered"}
{"scene": "far-two-circles", "arm": "real", "label": "fixed_M25", "reason": "stage returned"}
{"scene": "far-two-circles", "arm": "real", "label": "fixed_M31", "reason": "resolved stage entered"}
