[initialization] random MLP -> wrong ellipse contour
[initialization] redistance=distance_boundary_and_eikonal_tolerances/540, heldout=2.802 mm, boundary=0.134 mm, eikonal=9.218e-02, best_step=540
[oracle] nystrom_ref independent Nystrom/Muller solution of the exact star
[modes] ka_max=6.91 on the initial contour -> wave limit 9, 24-angle limit 11; using 5
[continuation] strategy=none: stage 1: 0.5,1.5,2.5 GHz (150 iterations)

[KRESS] alternating MLP inverse
  stage 1/1 train=0.5,1.5,2.5 GHz modes=0..5 budget=150
    KRESS iter=00 stage_iter=00 loss=2.2191e+00 rel=1.1932e+00 backtracks=0 pred_raw=0.000e+00 pred_accepted=0.000e+00 step=0.000 mm curve=0.000 mm arc_refit=0.000/0.000 mm speed_ratio=1.000->1.000 projection=0.000 mm tail=0.723 mm/off tail_rejects=0 eikonal=9.339e-02 redistance=initialized/0
    KRESS iter=01 stage_iter=01 loss=2.0103e+00 rel=1.1633e+00 backtracks=0 pred_raw=1.049e-01 pred_accepted=1.049e-01 step=1.998 mm curve=2.007 mm arc_refit=0.000/0.000 mm speed_ratio=1.122->1.000 projection=0.094 mm tail=0.688 mm/off tail_rejects=0 eikonal=9.643e-02 redistance=distance_boundary_and_eikonal_tolerances/460
    KRESS iter=02 stage_iter=02 loss=1.8620e+00 rel=1.1369e+00 backtracks=0 pred_raw=8.293e-02 pred_accepted=8.293e-02 step=1.993 mm curve=1.998 mm arc_refit=0.000/0.000 mm speed_ratio=1.120->1.000 projection=0.174 mm tail=0.668 mm/off tail_rejects=0 eikonal=9.436e-02 redistance=distance_boundary_and_eikonal_tolerances/280
    KRESS iter=03 stage_iter=03 loss=1.7499e+00 rel=1.1114e+00 backtracks=0 pred_raw=6.851e-02 pred_accepted=6.851e-02 step=1.993 mm curve=1.995 mm arc_refit=0.000/0.000 mm speed_ratio=1.118->1.000 projection=0.163 mm tail=0.675 mm/off tail_rejects=0 eikonal=9.394e-02 redistance=distance_boundary_and_eikonal_tolerances/300
    KRESS iter=04 stage_iter=04 loss=1.6615e+00 rel=1.0850e+00 backtracks=0 pred_raw=5.900e-02 pred_accepted=5.900e-02 step=1.999 mm curve=1.998 mm arc_refit=0.000/0.000 mm speed_ratio=1.117->1.000 projection=0.110 mm tail=0.723 mm/off tail_rejects=0 eikonal=9.386e-02 redistance=distance_boundary_and_eikonal_tolerances/260
    KRESS iter=05 stage_iter=05 loss=1.5965e+00 rel=1.0617e+00 backtracks=0 pred_raw=4.494e-02 pred_accepted=4.494e-02 step=1.983 mm curve=1.989 mm arc_refit=0.000/0.000 mm speed_ratio=1.127->1.000 projection=0.125 mm tail=0.820 mm/off tail_rejects=0 eikonal=9.882e-02 redistance=distance_boundary_and_eikonal_tolerances/140
    KRESS iter=06 stage_iter=06 loss=1.5509e+00 rel=1.0431e+00 backtracks=0 pred_raw=3.207e-02 pred_accepted=3.207e-02 step=1.938 mm curve=1.950 mm arc_refit=0.000/0.001 mm speed_ratio=1.124->1.001 projection=0.205 mm tail=0.948 mm/off tail_rejects=0 eikonal=7.958e-02 redistance=distance_boundary_and_eikonal_tolerances_at_final_state/1200
    KRESS iter=07 stage_iter=07 loss=1.5167e+00 rel=1.0261e+00 backtracks=0 pred_raw=2.352e-02 pred_accepted=2.352e-02 step=1.962 mm curve=1.979 mm arc_refit=0.000/0.001 mm speed_ratio=1.119->1.002 projection=0.212 mm tail=1.089 mm/off tail_rejects=0 eikonal=8.479e-02 redistance=distance_boundary_and_eikonal_tolerances/140
    KRESS iter=08 stage_iter=08 loss=1.4864e+00 rel=1.0095e+00 backtracks=0 pred_raw=1.957e-02 pred_accepted=1.957e-02 step=2.000 mm curve=2.014 mm arc_refit=0.000/0.001 mm speed_ratio=1.109->1.002 projection=0.255 mm tail=1.236 mm/off tail_rejects=0 eikonal=8.988e-02 redistance=distance_boundary_and_eikonal_tolerances/240
    KRESS iter=09 stage_iter=09 loss=1.4564e+00 rel=9.9316e-01 backtracks=0 pred_raw=1.900e-02 pred_accepted=1.900e-02 step=1.996 mm curve=2.011 mm arc_refit=0.000/0.001 mm speed_ratio=1.100->1.003 projection=0.141 mm tail=1.368 mm/off tail_rejects=0 eikonal=8.818e-02 redistance=distance_boundary_and_eikonal_tolerances/380
    KRESS iter=10 stage_iter=10 loss=1.4254e+00 rel=9.7655e-01 backtracks=0 pred_raw=2.036e-02 pred_accepted=2.036e-02 step=1.997 mm curve=2.019 mm arc_refit=0.000/0.002 mm speed_ratio=1.102->1.003 projection=0.173 mm tail=1.486 mm/off tail_rejects=0 eikonal=9.538e-02 redistance=distance_boundary_and_eikonal_tolerances/120
    KRESS iter=11 stage_iter=11 loss=1.3929e+00 rel=9.5917e-01 backtracks=0 pred_raw=2.231e-02 pred_accepted=2.231e-02 step=1.999 mm curve=2.023 mm arc_refit=0.001/0.002 mm speed_ratio=1.111->1.004 projection=0.150 mm tail=1.604 mm/off tail_rejects=0 eikonal=8.163e-02 redistance=distance_boundary_and_eikonal_tolerances_at_final_state/1200
    KRESS iter=12 stage_iter=12 loss=1.3592e+00 rel=9.4042e-01 backtracks=0 pred_raw=2.443e-02 pred_accepted=2.443e-02 step=1.998 mm curve=2.022 mm arc_refit=0.001/0.002 mm speed_ratio=1.125->1.005 projection=0.179 mm tail=1.745 mm/off tail_rejects=0 eikonal=7.705e-02 redistance=distance_boundary_and_eikonal_tolerances/900
    KRESS iter=13 stage_iter=13 loss=1.3223e+00 rel=9.1919e-01 backtracks=0 pred_raw=2.779e-02 pred_accepted=2.779e-02 step=1.998 mm curve=2.031 mm arc_refit=0.001/0.004 mm speed_ratio=1.143->1.006 projection=0.248 mm tail=1.951 mm/off tail_rejects=0 eikonal=8.150e-02 redistance=distance_boundary_and_eikonal_tolerances/280
    KRESS iter=14 stage_iter=14 loss=1.2844e+00 rel=8.9802e-01 backtracks=0 pred_raw=2.937e-02 pred_accepted=2.937e-02 step=1.998 mm curve=2.025 mm arc_refit=0.001/0.005 mm speed_ratio=1.144->1.008 projection=0.302 mm tail=2.242 mm/off tail_rejects=0 eikonal=8.980e-02 redistance=distance_boundary_and_eikonal_tolerances/220
    KRESS iter=15 stage_iter=15 loss=1.2503e+00 rel=8.8049e-01 backtracks=0 pred_raw=2.778e-02 pred_accepted=2.778e-02 step=1.996 mm curve=2.028 mm arc_refit=0.001/0.006 mm speed_ratio=1.150->1.011 projection=0.276 mm tail=2.570 mm/off tail_rejects=0 eikonal=9.448e-02 redistance=distance_boundary_and_eikonal_tolerances/300
    KRESS iter=16 stage_iter=16 loss=1.2211e+00 rel=8.6583e-01 backtracks=0 pred_raw=2.615e-02 pred_accepted=2.615e-02 step=1.948 mm curve=1.989 mm arc_refit=0.002/0.007 mm speed_ratio=1.150->1.013 projection=0.242 mm tail=2.968 mm/off tail_rejects=0 eikonal=9.831e-02 redistance=distance_boundary_and_eikonal_tolerances/340
    KRESS iter=17 stage_iter=17 loss=1.2043e+00 rel=8.5690e-01 backtracks=0 pred_raw=1.582e-02 pred_accepted=1.582e-02 step=1.215 mm curve=1.258 mm arc_refit=0.002/0.007 mm speed_ratio=1.106->1.013 projection=0.352 mm tail=3.299 mm/off tail_rejects=0 eikonal=9.816e-02 redistance=distance_boundary_and_eikonal_tolerances/340
    KRESS iter=18 stage_iter=18 loss=1.1935e+00 rel=8.5121e-01 backtracks=0 pred_raw=9.731e-03 pred_accepted=9.731e-03 step=0.929 mm curve=0.942 mm arc_refit=0.001/0.007 mm speed_ratio=1.070->1.013 projection=0.346 mm tail=3.552 mm/off tail_rejects=0 eikonal=9.899e-02 redistance=distance_boundary_and_eikonal_tolerances/300
    KRESS iter=19 stage_iter=19 loss=1.1840e+00 rel=8.4660e-01 backtracks=0 pred_raw=8.187e-03 pred_accepted=8.187e-03 step=0.988 mm curve=0.994 mm arc_refit=0.001/0.007 mm speed_ratio=1.074->1.012 projection=0.274 mm tail=3.774 mm/off tail_rejects=0 eikonal=9.145e-02 redistance=distance_boundary_and_eikonal_tolerances/700
    KRESS iter=20 stage_iter=20 loss=1.1737e+00 rel=8.4202e-01 backtracks=0 pred_raw=8.552e-03 pred_accepted=8.552e-03 step=1.141 mm curve=1.149 mm arc_refit=0.001/0.006 mm speed_ratio=1.084->1.012 projection=0.202 mm tail=3.994 mm/off tail_rejects=0 eikonal=8.409e-02 redistance=distance_boundary_and_eikonal_tolerances_at_final_state/1080
    KRESS iter=21 stage_iter=21 loss=1.1608e+00 rel=8.3694e-01 backtracks=0 pred_raw=1.041e-02 pred_accepted=1.041e-02 step=1.366 mm curve=1.374 mm arc_refit=0.001/0.007 mm speed_ratio=1.101->1.012 projection=0.339 mm tail=4.226 mm/off tail_rejects=0 eikonal=7.960e-02 redistance=distance_boundary_and_eikonal_tolerances_at_final_state/1200
    KRESS iter=22 stage_iter=22 loss=1.1448e+00 rel=8.3123e-01 backtracks=0 pred_raw=1.330e-02 pred_accepted=1.330e-02 step=1.596 mm curve=1.595 mm arc_refit=0.001/0.007 mm speed_ratio=1.124->1.013 projection=0.290 mm tail=4.470 mm/off tail_rejects=0 eikonal=7.608e-02 redistance=distance_boundary_and_eikonal_tolerances/760
    KRESS iter=23 stage_iter=23 loss=1.1284e+00 rel=8.2524e-01 backtracks=0 pred_raw=1.478e-02 pred_accepted=1.478e-02 step=1.651 mm curve=1.652 mm arc_refit=0.002/0.009 mm speed_ratio=1.138->1.016 projection=0.261 mm tail=4.703 mm/off tail_rejects=0 eikonal=8.043e-02 redistance=distance_boundary_and_eikonal_tolerances/140
    KRESS iter=24 stage_iter=24 loss=1.1165e+00 rel=8.1981e-01 backtracks=0 pred_raw=1.195e-02 pred_accepted=1.195e-02 step=1.407 mm curve=1.409 mm arc_refit=0.002/0.012 mm speed_ratio=1.130->1.020 projection=0.317 mm tail=4.892 mm/off tail_rejects=0 eikonal=8.116e-02 redistance=distance_boundary_and_eikonal_tolerances/420
    KRESS iter=25 stage_iter=25 loss=1.1101e+00 rel=8.1581e-01 backtracks=0 pred_raw=6.776e-03 pred_accepted=6.776e-03 step=0.970 mm curve=0.981 mm arc_refit=0.003/0.015 mm speed_ratio=1.130->1.024 projection=0.355 mm tail=5.016 mm/off tail_rejects=0 eikonal=8.358e-02 redistance=distance_boundary_and_eikonal_tolerances/500
    KRESS iter=26 stage_iter=26 loss=1.1070e+00 rel=8.1342e-01 backtracks=0 pred_raw=3.264e-03 pred_accepted=3.264e-03 step=0.586 mm curve=0.599 mm arc_refit=0.003/0.017 mm speed_ratio=1.122->1.029 projection=0.385 mm tail=5.085 mm/off tail_rejects=0 eikonal=8.468e-02 redistance=distance_boundary_and_eikonal_tolerances/140
    KRESS iter=27 stage_iter=27 loss=1.1051e+00 rel=8.1217e-01 backtracks=0 pred_raw=1.874e-03 pred_accepted=1.874e-03 step=0.480 mm curve=0.491 mm arc_refit=0.003/0.018 mm speed_ratio=1.113->1.033 projection=0.420 mm tail=5.120 mm/off tail_rejects=0 eikonal=8.605e-02 redistance=distance_boundary_and_eikonal_tolerances/160
    KRESS iter=28 stage_iter=28 loss=1.1034e+00 rel=8.1158e-01 backtracks=0 pred_raw=1.534e-03 pred_accepted=1.534e-03 step=0.505 mm curve=0.506 mm arc_refit=0.004/0.020 mm speed_ratio=1.111->1.038 projection=0.472 mm tail=5.138 mm/off tail_rejects=0 eikonal=8.609e-02 redistance=distance_boundary_and_eikonal_tolerances/180
    KRESS iter=29 stage_iter=29 loss=1.1017e+00 rel=8.1132e-01 backtracks=0 pred_raw=1.598e-03 pred_accepted=1.598e-03 step=0.558 mm curve=0.560 mm arc_refit=0.004/0.022 mm speed_ratio=1.116->1.043 projection=0.505 mm tail=5.150 mm/off tail_rejects=0 eikonal=8.546e-02 redistance=distance_boundary_and_eikonal_tolerances/280
    KRESS iter=30 stage_iter=30 loss=1.0996e+00 rel=8.1117e-01 backtracks=0 pred_raw=1.870e-03 pred_accepted=1.870e-03 step=0.641 mm curve=0.645 mm arc_refit=0.005/0.026 mm speed_ratio=1.131->1.051 projection=0.548 mm tail=5.162 mm/off tail_rejects=0 eikonal=8.568e-02 redistance=distance_boundary_and_eikonal_tolerances/120
    KRESS iter=31 stage_iter=31 loss=1.0968e+00 rel=8.1099e-01 backtracks=0 pred_raw=2.380e-03 pred_accepted=2.380e-03 step=0.768 mm curve=0.770 mm arc_refit=0.006/0.031 mm speed_ratio=1.162->1.062 projection=0.533 mm tail=5.182 mm/off tail_rejects=0 eikonal=8.598e-02 redistance=distance_boundary_and_eikonal_tolerances/140
    KRESS iter=32 stage_iter=32 loss=1.0928e+00 rel=8.1062e-01 backtracks=0 pred_raw=3.329e-03 pred_accepted=3.329e-03 step=0.958 mm curve=0.958 mm arc_refit=0.007/0.042 mm speed_ratio=1.219->1.077 projection=0.554 mm tail=5.216 mm/off tail_rejects=0 eikonal=8.604e-02 redistance=distance_boundary_and_eikonal_tolerances/260
    KRESS iter=33 stage_iter=33 loss=1.0866e+00 rel=8.0990e-01 backtracks=0 pred_raw=5.153e-03 pred_accepted=5.153e-03 step=1.243 mm curve=1.246 mm arc_refit=0.010/0.074 mm speed_ratio=1.325->1.093 projection=0.526 mm tail=5.272 mm/off tail_rejects=0 eikonal=8.804e-02 redistance=distance_boundary_and_eikonal_tolerances/120
    KRESS iter=34 stage_iter=34 loss=1.0763e+00 rel=8.0864e-01 backtracks=0 pred_raw=8.483e-03 pred_accepted=8.483e-03 step=1.638 mm curve=1.640 mm arc_refit=0.013/0.133 mm speed_ratio=1.514->1.113 projection=0.512 mm tail=5.362 mm/off tail_rejects=0 eikonal=8.950e-02 redistance=distance_boundary_and_eikonal_tolerances/260
    KRESS iter=35 stage_iter=35 loss=1.0617e+00 rel=8.0700e-01 backtracks=0 pred_raw=1.289e-02 pred_accepted=1.289e-02 step=2.000 mm curve=2.011 mm arc_refit=0.018/0.180 mm speed_ratio=1.780->1.161 projection=0.710 mm tail=5.488 mm/off tail_rejects=0 eikonal=8.942e-02 redistance=distance_boundary_and_eikonal_tolerances/560
    KRESS iter=36 stage_iter=36 loss=1.0478e+00 rel=8.0582e-01 backtracks=0 pred_raw=1.415e-02 pred_accepted=1.415e-02 step=2.000 mm curve=2.013 mm arc_refit=0.021/0.161 mm speed_ratio=1.965->1.221 projection=0.761 mm tail=5.619 mm/off tail_rejects=0 eikonal=8.640e-02 redistance=distance_boundary_and_eikonal_tolerances/920
    KRESS iter=37 stage_iter=37 loss=1.0407e+00 rel=8.0543e-01 backtracks=0 pred_raw=8.311e-03 pred_accepted=8.311e-03 step=1.366 mm curve=1.381 mm arc_refit=0.021/0.141 mm speed_ratio=1.747->1.238 projection=0.843 mm tail=5.711 mm/off tail_rejects=0 eikonal=8.801e-02 redistance=distance_boundary_and_eikonal_tolerances/200
    KRESS iter=38 stage_iter=38 loss=1.0379e+00 rel=8.0509e-01 backtracks=0 pred_raw=3.176e-03 pred_accepted=3.176e-03 step=0.656 mm curve=0.661 mm arc_refit=0.016/0.101 mm speed_ratio=1.420->1.209 projection=0.816 mm tail=5.767 mm/off tail_rejects=0 eikonal=8.952e-02 redistance=distance_boundary_and_eikonal_tolerances/100
    KRESS iter=39 stage_iter=39 loss=1.0362e+00 rel=8.0450e-01 backtracks=0 pred_raw=1.669e-03 pred_accepted=1.669e-03 step=0.431 mm curve=0.440 mm arc_refit=0.012/0.081 mm speed_ratio=1.246->1.175 projection=0.729 mm tail=5.808 mm/off tail_rejects=0 eikonal=8.991e-02 redistance=distance_boundary_and_eikonal_tolerances/100
    KRESS iter=40 stage_iter=40 loss=1.0349e+00 rel=8.0381e-01 backtracks=0 pred_raw=1.327e-03 pred_accepted=1.327e-03 step=0.413 mm curve=0.423 mm arc_refit=0.011/0.071 mm speed_ratio=1.168->1.151 projection=0.747 mm tail=5.844 mm/off tail_rejects=0 eikonal=9.034e-02 redistance=distance_boundary_and_eikonal_tolerances/120
    KRESS iter=41 stage_iter=41 loss=1.0337e+00 rel=8.0310e-01 backtracks=0 pred_raw=1.204e-03 pred_accepted=1.204e-03 step=0.396 mm curve=0.407 mm arc_refit=0.010/0.065 mm speed_ratio=1.134->1.136 projection=0.735 mm tail=5.881 mm/off tail_rejects=0 eikonal=9.122e-02 redistance=distance_boundary_and_eikonal_tolerances/100
    KRESS iter=42 stage_iter=42 loss=1.0325e+00 rel=8.0245e-01 backtracks=0 pred_raw=1.116e-03 pred_accepted=1.116e-03 step=0.380 mm curve=0.392 mm arc_refit=0.009/0.060 mm speed_ratio=1.116->1.125 projection=0.673 mm tail=5.916 mm/off tail_rejects=0 eikonal=9.096e-02 redistance=distance_boundary_and_eikonal_tolerances/120
    KRESS iter=43 stage_iter=43 loss=1.0315e+00 rel=8.0185e-01 backtracks=0 pred_raw=1.027e-03 pred_accepted=1.027e-03 step=0.362 mm curve=0.374 mm arc_refit=0.008/0.056 mm speed_ratio=1.105->1.117 projection=0.626 mm tail=5.952 mm/off tail_rejects=0 eikonal=9.134e-02 redistance=distance_boundary_and_eikonal_tolerances/100
    KRESS iter=44 stage_iter=44 loss=1.0306e+00 rel=8.0134e-01 backtracks=0 pred_raw=9.292e-04 pred_accepted=9.292e-04 step=0.343 mm curve=0.354 mm arc_refit=0.008/0.053 mm speed_ratio=1.101->1.110 projection=0.583 mm tail=5.987 mm/off tail_rejects=0 eikonal=9.077e-02 redistance=distance_boundary_and_eikonal_tolerances/120
    KRESS iter=45 stage_iter=45 loss=1.0297e+00 rel=8.0091e-01 backtracks=0 pred_raw=8.244e-04 pred_accepted=8.244e-04 step=0.321 mm curve=0.332 mm arc_refit=0.008/0.050 mm speed_ratio=1.097->1.104 projection=0.618 mm tail=6.020 mm/off tail_rejects=0 eikonal=8.934e-02 redistance=distance_boundary_and_eikonal_tolerances/140
    KRESS iter=46 stage_iter=46 loss=1.0290e+00 rel=8.0056e-01 backtracks=0 pred_raw=7.163e-04 pred_accepted=7.163e-04 step=0.297 mm curve=0.308 mm arc_refit=0.007/0.048 mm speed_ratio=1.093->1.099 projection=0.599 mm tail=6.052 mm/off tail_rejects=0 eikonal=8.738e-02 redistance=distance_boundary_and_eikonal_tolerances/220
    KRESS iter=47 stage_iter=47 loss=1.0284e+00 rel=8.0028e-01 backtracks=0 pred_raw=6.094e-04 pred_accepted=6.094e-04 step=0.273 mm curve=0.282 mm arc_refit=0.007/0.046 mm speed_ratio=1.089->1.095 projection=0.609 mm tail=6.082 mm/off tail_rejects=0 eikonal=7.968e-02 redistance=distance_boundary_and_eikonal_tolerances_at_final_state/1200
    KRESS iter=48 stage_iter=48 loss=1.0279e+00 rel=8.0008e-01 backtracks=0 pred_raw=5.082e-04 pred_accepted=5.082e-04 step=0.248 mm curve=0.256 mm arc_refit=0.007/0.045 mm speed_ratio=1.086->1.091 projection=0.594 mm tail=6.110 mm/off tail_rejects=0 eikonal=8.065e-02 redistance=distance_boundary_and_eikonal_tolerances/440
    KRESS iter=49 stage_iter=49 loss=1.0275e+00 rel=7.9993e-01 backtracks=0 pred_raw=4.161e-04 pred_accepted=4.161e-04 step=0.223 mm curve=0.231 mm arc_refit=0.006/0.043 mm speed_ratio=1.082->1.088 projection=0.591 mm tail=6.136 mm/off tail_rejects=0 eikonal=7.905e-02 redistance=distance_boundary_and_eikonal_tolerances/540
    KRESS iter=50 stage_iter=50 loss=1.0272e+00 rel=7.9982e-01 backtracks=0 pred_raw=3.352e-04 pred_accepted=3.352e-04 step=0.199 mm curve=0.207 mm arc_refit=0.006/0.042 mm speed_ratio=1.079->1.085 projection=0.591 mm tail=6.160 mm/off tail_rejects=0 eikonal=7.864e-02 redistance=distance_boundary_and_eikonal_tolerances/180
    KRESS iter=51 stage_iter=51 loss=1.0269e+00 rel=7.9976e-01 backtracks=0 pred_raw=2.664e-04 pred_accepted=2.664e-04 step=0.176 mm curve=0.183 mm arc_refit=0.006/0.040 mm speed_ratio=1.076->1.082 projection=0.681 mm tail=6.181 mm/off tail_rejects=0 eikonal=8.100e-02 redistance=distance_boundary_and_eikonal_tolerances/100
    KRESS iter=52 stage_iter=52 loss=1.0267e+00 rel=7.9973e-01 backtracks=0 pred_raw=2.092e-04 pred_accepted=2.092e-04 step=0.155 mm curve=0.162 mm arc_refit=0.006/0.039 mm speed_ratio=1.074->1.080 projection=0.616 mm tail=6.200 mm/off tail_rejects=0 eikonal=8.097e-02 redistance=distance_boundary_and_eikonal_tolerances/180
    KRESS iter=53 stage_iter=53 loss=1.0266e+00 rel=7.9971e-01 backtracks=0 pred_raw=1.628e-04 pred_accepted=1.628e-04 step=0.136 mm curve=0.142 mm arc_refit=0.006/0.038 mm speed_ratio=1.073->1.078 projection=0.643 mm tail=6.217 mm/off tail_rejects=0 eikonal=8.007e-02 redistance=distance_boundary_and_eikonal_tolerances/220
    KRESS iter=54 stage_iter=54 loss=1.0265e+00 rel=7.9972e-01 backtracks=0 pred_raw=1.257e-04 pred_accepted=1.257e-04 step=0.119 mm curve=0.124 mm arc_refit=0.006/0.037 mm speed_ratio=1.072->1.076 projection=0.640 mm tail=6.233 mm/off tail_rejects=0 eikonal=8.220e-02 redistance=distance_boundary_and_eikonal_tolerances/120
    KRESS iter=55 stage_iter=55 loss=1.0264e+00 rel=7.9974e-01 backtracks=0 pred_raw=9.646e-05 pred_accepted=9.646e-05 step=0.104 mm curve=0.108 mm arc_refit=0.006/0.037 mm speed_ratio=1.070->1.074 projection=0.605 mm tail=6.246 mm/off tail_rejects=0 eikonal=7.894e-02 redistance=distance_boundary_and_eikonal_tolerances/400
    KRESS iter=56 stage_iter=56 loss=1.0263e+00 rel=7.9976e-01 backtracks=0 pred_raw=7.369e-05 pred_accepted=7.369e-05 step=0.090 mm curve=0.094 mm arc_refit=0.005/0.036 mm speed_ratio=1.069->1.072 projection=0.643 mm tail=6.258 mm/off tail_rejects=0 eikonal=8.082e-02 redistance=distance_boundary_and_eikonal_tolerances/160
  stage 1 stop=representation_limited_stationary accepted=56

Artifacts: /home/drdeng/Neural_SDF_BEM_AD/results/inverse_solver_comparison/mlp-resolved-k5-ellipse-to-star-kress-20260904
