[initialization] random MLP -> wrong ellipse contour
[initialization] redistance=distance_boundary_and_eikonal_tolerances/500, heldout=3.060 mm, boundary=0.252 mm, eikonal=9.618e-02, best_step=500
[oracle] nystrom_ref independent Nystrom/Muller solution of the exact star
[modes] ka_max=4.14 on the initial contour -> wave limit 6, 12-angle limit 5; using 6 (requested, above a limit)
[continuation] strategy=none: stage 1: 0.5,1.5 GHz (150 iterations)

[KRESS] alternating MLP inverse
  stage 1/1 train=0.5,1.5 GHz modes=0..6 budget=150
    KRESS iter=00 stage_iter=00 loss=1.4232e+00 rel=1.1924e+00 step=0.000 mm curve=0.000 mm projection=0.000 mm tail=0.200 mm/off tail_rejects=0 eikonal=9.797e-02 redistance=initialized/0
    KRESS iter=01 stage_iter=01 loss=1.2331e+00 rel=1.1118e+00 step=3.980 mm curve=3.980 mm projection=0.142 mm tail=0.395 mm/off tail_rejects=0 eikonal=9.424e-02 redistance=distance_boundary_and_eikonal_tolerances/200
    KRESS iter=02 stage_iter=02 loss=1.0547e+00 rel=1.0303e+00 step=3.975 mm curve=3.975 mm projection=0.235 mm tail=0.587 mm/off tail_rejects=0 eikonal=9.293e-02 redistance=distance_boundary_and_eikonal_tolerances/220
    KRESS iter=03 stage_iter=03 loss=8.9279e-01 rel=9.4960e-01 step=3.991 mm curve=3.991 mm projection=0.310 mm tail=0.770 mm/off tail_rejects=0 eikonal=9.580e-02 redistance=distance_boundary_and_eikonal_tolerances/220
    KRESS iter=04 stage_iter=04 loss=7.6654e-01 rel=8.8081e-01 step=3.993 mm curve=3.993 mm projection=0.394 mm tail=0.953 mm/off tail_rejects=0 eikonal=9.976e-02 redistance=distance_boundary_and_eikonal_tolerances/240
    KRESS iter=05 stage_iter=05 loss=6.7398e-01 rel=8.2603e-01 step=3.981 mm curve=3.981 mm projection=0.428 mm tail=1.170 mm/off tail_rejects=0 eikonal=1.016e-01 redistance=distance_boundary_and_eikonal_tolerances/300
    KRESS iter=06 stage_iter=06 loss=6.0129e-01 rel=7.7959e-01 step=3.991 mm curve=3.991 mm projection=0.441 mm tail=1.475 mm/off tail_rejects=0 eikonal=1.082e-01 redistance=distance_boundary_and_eikonal_tolerances/280
    KRESS iter=07 stage_iter=07 loss=5.4267e-01 rel=7.3929e-01 step=3.998 mm curve=3.998 mm projection=0.490 mm tail=1.922 mm/off tail_rejects=0 eikonal=1.140e-01 redistance=distance_boundary_and_eikonal_tolerances/280
    KRESS iter=08 stage_iter=08 loss=5.4219e-01 rel=7.3895e-01 step=0.043 mm curve=0.043 mm projection=0.494 mm tail=1.927 mm/off tail_rejects=0 eikonal=1.131e-01 redistance=distance_boundary_and_eikonal_tolerances/180
    KRESS iter=09 stage_iter=09 loss=5.4211e-01 rel=7.3889e-01 step=0.008 mm curve=0.008 mm projection=0.472 mm tail=1.928 mm/off tail_rejects=0 eikonal=1.126e-01 redistance=distance_boundary_and_eikonal_tolerances/180
    KRESS iter=10 stage_iter=10 loss=5.4206e-01 rel=7.3885e-01 step=0.005 mm curve=0.005 mm projection=0.486 mm tail=1.928 mm/off tail_rejects=0 eikonal=1.142e-01 redistance=distance_boundary_and_eikonal_tolerances/160
    KRESS iter=11 stage_iter=11 loss=5.4205e-01 rel=7.3885e-01 step=0.000 mm curve=0.000 mm projection=0.469 mm tail=1.929 mm/off tail_rejects=0 eikonal=1.091e-01 redistance=distance_boundary_and_eikonal_tolerances/220
    KRESS iter=12 stage_iter=12 loss=5.4205e-01 rel=7.3885e-01 step=0.000 mm curve=0.000 mm projection=0.450 mm tail=1.929 mm/off tail_rejects=0 eikonal=1.055e-01 redistance=distance_boundary_and_eikonal_tolerances/240
    KRESS iter=13 stage_iter=13 loss=5.4205e-01 rel=7.3884e-01 step=0.000 mm curve=0.000 mm projection=0.446 mm tail=1.929 mm/off tail_rejects=0 eikonal=1.075e-01 redistance=distance_boundary_and_eikonal_tolerances/180
    KRESS iter=14 stage_iter=14 loss=5.4205e-01 rel=7.3884e-01 step=0.000 mm curve=0.000 mm projection=0.525 mm tail=1.929 mm/off tail_rejects=0 eikonal=1.075e-01 redistance=distance_boundary_and_eikonal_tolerances/180
  stage 1 stop=representation_limited_stationary accepted=14

Artifacts: /home/drdeng/Neural_SDF_BEM_AD/results/inverse_solver_comparison/mlp-joint-k6-ellipse-to-star-kress-20260903
