[initialization] wrong ellipse -> radial K5 state: projection=0.727/1.232 mm RMS/set-max
[initialization] random MLP -> canonical radial contour
[initialization] redistance=distance_boundary_and_eikonal_tolerances/480, heldout=3.232 mm, boundary=0.219 mm, eikonal=9.891e-02, best_step=480
[initialization] MLP/canonical set drift=0.261 mm
[oracle] nystrom_ref independent Nystrom/Muller solution of the exact star
[modes] ka_max=6.54 on the initial contour -> wave limit 9, 24-angle limit 11; using 5
[continuation] strategy=cumulative_low_to_high: stage 1: 0.5 GHz (19 accepted-update cap) -> stage 2: 0.5,1.5 GHz (20 accepted-update cap) -> stage 3: 0.5,1.5,2.5 GHz (111 accepted-update cap)

[KRESS] alternating MLP inverse
  stage 1/3 train=0.5 GHz modes=0..3 budget=19
    KRESS iter=00 stage_iter=00 loss=7.0039e-01 rel=1.1835e+00 backtracks=0 pred_raw=0.000e+00 pred_accepted=0.000e+00 step=0.000 mm curve=0.000 mm arc_refit=0.000/0.000 mm speed_ratio=1.880->1.880 projection=0.261 mm tail=2.748 mm/off tail_rejects=0 eikonal=1.020e-01 redistance=initialized/0
    KRESS iter=01 stage_iter=01 loss=6.4427e-01 rel=1.1351e+00 backtracks=0 pred_raw=8.212e-02 pred_accepted=8.212e-02 step=1.995 mm curve=1.994 mm arc_refit=0.000/0.000 mm speed_ratio=1.862->1.862 projection=0.109 mm tail=2.748 mm/off tail_rejects=0 eikonal=9.436e-02 redistance=distance_boundary_and_eikonal_tolerances/400
    KRESS iter=02 stage_iter=02 loss=5.9124e-01 rel=1.0874e+00 backtracks=0 pred_raw=8.447e-02 pred_accepted=8.447e-02 step=1.998 mm curve=1.997 mm arc_refit=0.000/0.000 mm speed_ratio=1.848->1.848 projection=0.139 mm tail=2.748 mm/off tail_rejects=0 eikonal=9.121e-02 redistance=distance_boundary_and_eikonal_tolerances/300
    KRESS iter=03 stage_iter=03 loss=5.4138e-01 rel=1.0406e+00 backtracks=0 pred_raw=8.662e-02 pred_accepted=8.662e-02 step=1.991 mm curve=1.991 mm arc_refit=0.000/0.000 mm speed_ratio=1.834->1.834 projection=0.084 mm tail=2.748 mm/off tail_rejects=0 eikonal=7.410e-02 redistance=distance_boundary_and_eikonal_tolerances_at_final_state/1180
    KRESS iter=04 stage_iter=04 loss=4.9438e-01 rel=9.9436e-01 backtracks=0 pred_raw=8.930e-02 pred_accepted=8.930e-02 step=1.991 mm curve=1.991 mm arc_refit=0.000/0.000 mm speed_ratio=1.819->1.819 projection=0.091 mm tail=2.748 mm/off tail_rejects=0 eikonal=7.146e-02 redistance=distance_boundary_and_eikonal_tolerances/240
    KRESS iter=05 stage_iter=05 loss=4.4995e-01 rel=9.4863e-01 backtracks=0 pred_raw=9.254e-02 pred_accepted=9.254e-02 step=1.997 mm curve=1.995 mm arc_refit=0.000/0.000 mm speed_ratio=1.803->1.803 projection=0.081 mm tail=2.748 mm/off tail_rejects=0 eikonal=6.498e-02 redistance=distance_boundary_and_eikonal_tolerances_at_final_state/1180
    KRESS iter=06 stage_iter=06 loss=4.0824e-01 rel=9.0359e-01 backtracks=0 pred_raw=9.560e-02 pred_accepted=9.560e-02 step=1.989 mm curve=1.987 mm arc_refit=0.000/0.000 mm speed_ratio=1.785->1.785 projection=0.112 mm tail=2.748 mm/off tail_rejects=0 eikonal=6.451e-02 redistance=distance_boundary_and_eikonal_tolerances/260
    KRESS iter=07 stage_iter=07 loss=3.6867e-01 rel=8.5869e-01 backtracks=0 pred_raw=1.001e-01 pred_accepted=1.001e-01 step=1.999 mm curve=1.996 mm arc_refit=0.000/0.000 mm speed_ratio=1.765->1.765 projection=0.075 mm tail=2.748 mm/off tail_rejects=0 eikonal=6.255e-02 redistance=distance_boundary_and_eikonal_tolerances/680
    KRESS iter=08 stage_iter=08 loss=3.3144e-01 rel=8.1417e-01 backtracks=0 pred_raw=1.045e-01 pred_accepted=1.045e-01 step=1.992 mm curve=1.989 mm arc_refit=0.000/0.000 mm speed_ratio=1.743->1.743 projection=0.107 mm tail=2.748 mm/off tail_rejects=0 eikonal=6.513e-02 redistance=distance_boundary_and_eikonal_tolerances/100
    KRESS iter=09 stage_iter=09 loss=2.9610e-01 rel=7.6954e-01 backtracks=0 pred_raw=1.105e-01 pred_accepted=1.105e-01 step=1.997 mm curve=1.995 mm arc_refit=0.000/0.000 mm speed_ratio=1.719->1.719 projection=0.111 mm tail=2.748 mm/off tail_rejects=0 eikonal=7.037e-02 redistance=distance_boundary_and_eikonal_tolerances/100
    KRESS iter=10 stage_iter=10 loss=2.6260e-01 rel=7.2470e-01 backtracks=0 pred_raw=1.175e-01 pred_accepted=1.175e-01 step=1.994 mm curve=1.994 mm arc_refit=0.000/0.000 mm speed_ratio=1.692->1.692 projection=0.123 mm tail=2.748 mm/off tail_rejects=0 eikonal=7.565e-02 redistance=distance_boundary_and_eikonal_tolerances/120
    KRESS iter=11 stage_iter=11 loss=2.3066e-01 rel=6.7920e-01 backtracks=0 pred_raw=1.267e-01 pred_accepted=1.267e-01 step=1.995 mm curve=1.995 mm arc_refit=0.000/0.000 mm speed_ratio=1.662->1.662 projection=0.108 mm tail=2.748 mm/off tail_rejects=0 eikonal=8.100e-02 redistance=distance_boundary_and_eikonal_tolerances/100
    KRESS iter=12 stage_iter=12 loss=2.0010e-01 rel=6.3261e-01 backtracks=0 pred_raw=1.384e-01 pred_accepted=1.384e-01 step=1.992 mm curve=1.992 mm arc_refit=0.000/0.000 mm speed_ratio=1.630->1.630 projection=0.097 mm tail=2.748 mm/off tail_rejects=0 eikonal=8.525e-02 redistance=distance_boundary_and_eikonal_tolerances/180
    KRESS iter=13 stage_iter=13 loss=1.7061e-01 rel=5.8414e-01 backtracks=0 pred_raw=1.545e-01 pred_accepted=1.545e-01 step=1.995 mm curve=1.994 mm arc_refit=0.000/0.000 mm speed_ratio=1.596->1.596 projection=0.086 mm tail=2.748 mm/off tail_rejects=0 eikonal=8.987e-02 redistance=distance_boundary_and_eikonal_tolerances/180
    KRESS iter=14 stage_iter=14 loss=1.4291e-01 rel=5.3461e-01 backtracks=0 pred_raw=1.708e-01 pred_accepted=1.708e-01 step=1.992 mm curve=1.946 mm arc_refit=0.000/0.000 mm speed_ratio=1.558->1.558 projection=0.100 mm tail=2.748 mm/off tail_rejects=0 eikonal=9.692e-02 redistance=distance_boundary_and_eikonal_tolerances/100
    KRESS iter=15 stage_iter=15 loss=1.1974e-01 rel=4.8938e-01 backtracks=0 pred_raw=1.701e-01 pred_accepted=1.701e-01 step=1.985 mm curve=1.937 mm arc_refit=0.000/0.000 mm speed_ratio=1.525->1.525 projection=0.077 mm tail=2.748 mm/off tail_rejects=0 eikonal=9.878e-02 redistance=distance_boundary_and_eikonal_tolerances/200
    KRESS iter=16 stage_iter=16 loss=1.0001e-01 rel=4.4723e-01 backtracks=0 pred_raw=1.728e-01 pred_accepted=1.728e-01 step=1.993 mm curve=1.945 mm arc_refit=0.000/0.000 mm speed_ratio=1.490->1.490 projection=0.086 mm tail=2.748 mm/off tail_rejects=0 eikonal=9.667e-02 redistance=distance_boundary_and_eikonal_tolerances/300
    KRESS iter=17 stage_iter=17 loss=8.3071e-02 rel=4.0761e-01 backtracks=0 pred_raw=1.775e-01 pred_accepted=1.775e-01 step=1.995 mm curve=1.946 mm arc_refit=0.000/0.000 mm speed_ratio=1.462->1.462 projection=0.121 mm tail=2.748 mm/off tail_rejects=0 eikonal=1.010e-01 redistance=distance_boundary_and_eikonal_tolerances/120
    KRESS iter=18 stage_iter=18 loss=6.8473e-02 rel=3.7006e-01 backtracks=0 pred_raw=1.843e-01 pred_accepted=1.843e-01 step=1.988 mm curve=1.937 mm arc_refit=0.000/0.000 mm speed_ratio=1.431->1.431 projection=0.071 mm tail=2.748 mm/off tail_rejects=0 eikonal=1.008e-01 redistance=distance_boundary_and_eikonal_tolerances/200
    KRESS iter=19 stage_iter=19 loss=5.5788e-02 rel=3.3403e-01 backtracks=0 pred_raw=1.947e-01 pred_accepted=1.947e-01 step=1.986 mm curve=1.934 mm arc_refit=0.000/0.000 mm speed_ratio=1.406->1.406 projection=0.070 mm tail=2.748 mm/off tail_rejects=0 eikonal=9.611e-02 redistance=distance_boundary_and_eikonal_tolerances/340
  stage 1 stop=maximum_iterations accepted=19
  stage 2/3 train=0.5,1.5 GHz modes=0..5 budget=20
    KRESS iter=20 stage_iter=00 loss=7.5801e-01 rel=8.4378e-01 backtracks=0 pred_raw=0.000e+00 pred_accepted=0.000e+00 step=0.000 mm curve=0.000 mm arc_refit=0.000/0.000 mm speed_ratio=1.406->1.406 projection=0.070 mm tail=0.000 mm/off tail_rejects=0 eikonal=9.246e-02 redistance=initialized/0
    KRESS iter=21 stage_iter=01 loss=6.5467e-01 rel=7.8423e-01 backtracks=0 pred_raw=1.385e-01 pred_accepted=1.385e-01 step=1.993 mm curve=1.975 mm arc_refit=0.000/0.000 mm speed_ratio=1.392->1.392 projection=0.091 mm tail=0.000 mm/off tail_rejects=0 eikonal=9.174e-02 redistance=distance_boundary_and_eikonal_tolerances/100
    KRESS iter=22 stage_iter=02 loss=5.6053e-01 rel=7.2577e-01 backtracks=0 pred_raw=1.474e-01 pred_accepted=1.474e-01 step=1.984 mm curve=1.956 mm arc_refit=0.000/0.000 mm speed_ratio=1.394->1.394 projection=0.073 mm tail=0.000 mm/off tail_rejects=0 eikonal=8.317e-02 redistance=distance_boundary_and_eikonal_tolerances/220
    KRESS iter=23 stage_iter=03 loss=4.7459e-01 rel=6.6797e-01 backtracks=0 pred_raw=1.587e-01 pred_accepted=1.587e-01 step=1.987 mm curve=1.946 mm arc_refit=0.000/0.000 mm speed_ratio=1.411->1.411 projection=0.102 mm tail=0.000 mm/off tail_rejects=0 eikonal=9.176e-02 redistance=distance_boundary_and_eikonal_tolerances/120
    KRESS iter=24 stage_iter=04 loss=3.9630e-01 rel=6.1060e-01 backtracks=0 pred_raw=1.726e-01 pred_accepted=1.726e-01 step=1.991 mm curve=1.933 mm arc_refit=0.000/0.000 mm speed_ratio=1.442->1.442 projection=0.094 mm tail=0.000 mm/off tail_rejects=0 eikonal=9.293e-02 redistance=distance_boundary_and_eikonal_tolerances/200
    KRESS iter=25 stage_iter=05 loss=3.2502e-01 rel=5.5324e-01 backtracks=0 pred_raw=1.905e-01 pred_accepted=1.905e-01 step=1.996 mm curve=1.929 mm arc_refit=0.000/0.000 mm speed_ratio=1.484->1.484 projection=0.131 mm tail=0.000 mm/off tail_rejects=0 eikonal=1.033e-01 redistance=distance_boundary_and_eikonal_tolerances/140
    KRESS iter=26 stage_iter=06 loss=2.6034e-01 rel=4.9550e-01 backtracks=0 pred_raw=2.140e-01 pred_accepted=2.140e-01 step=1.996 mm curve=1.921 mm arc_refit=0.000/0.000 mm speed_ratio=1.543->1.543 projection=0.155 mm tail=0.000 mm/off tail_rejects=0 eikonal=9.741e-02 redistance=distance_boundary_and_eikonal_tolerances/360
    KRESS iter=27 stage_iter=07 loss=2.0158e-01 rel=4.3647e-01 backtracks=0 pred_raw=2.478e-01 pred_accepted=2.478e-01 step=1.994 mm curve=1.910 mm arc_refit=0.000/0.000 mm speed_ratio=1.618->1.618 projection=0.165 mm tail=0.000 mm/off tail_rejects=0 eikonal=1.037e-01 redistance=distance_boundary_and_eikonal_tolerances/280
    KRESS iter=28 stage_iter=08 loss=1.5122e-01 rel=3.7857e-01 backtracks=0 pred_raw=2.804e-01 pred_accepted=2.804e-01 step=1.998 mm curve=1.989 mm arc_refit=0.000/0.000 mm speed_ratio=1.743->1.743 projection=0.199 mm tail=0.000 mm/off tail_rejects=0 eikonal=1.005e-01 redistance=distance_boundary_and_eikonal_tolerances/780
    KRESS iter=29 stage_iter=09 loss=1.1033e-01 rel=3.2386e-01 backtracks=0 pred_raw=3.069e-01 pred_accepted=3.069e-01 step=1.992 mm curve=1.990 mm arc_refit=0.000/0.000 mm speed_ratio=1.905->1.905 projection=0.246 mm tail=0.000 mm/off tail_rejects=0 eikonal=1.116e-01 redistance=distance_boundary_and_eikonal_tolerances/300
    KRESS iter=30 stage_iter=10 loss=8.4306e-02 rel=2.8337e-01 backtracks=0 pred_raw=2.556e-01 pred_accepted=2.556e-01 step=1.990 mm curve=1.967 mm arc_refit=0.000/0.000 mm speed_ratio=2.014->2.014 projection=0.265 mm tail=0.000 mm/off tail_rejects=0 eikonal=1.147e-01 redistance=distance_boundary_and_eikonal_tolerances/620
    KRESS iter=31 stage_iter=11 loss=6.5000e-02 rel=2.4892e-01 backtracks=0 pred_raw=2.400e-01 pred_accepted=2.400e-01 step=1.996 mm curve=1.984 mm arc_refit=0.000/0.000 mm speed_ratio=2.095->2.095 projection=0.305 mm tail=0.000 mm/off tail_rejects=0 eikonal=1.080e-01 redistance=distance_boundary_and_eikonal_tolerances/800
    KRESS iter=32 stage_iter=12 loss=4.8957e-02 rel=2.1606e-01 backtracks=0 pred_raw=2.566e-01 pred_accepted=2.566e-01 step=1.986 mm curve=1.979 mm arc_refit=0.000/0.000 mm speed_ratio=2.147->2.147 projection=0.331 mm tail=0.000 mm/off tail_rejects=0 eikonal=1.055e-01 redistance=distance_boundary_and_eikonal_tolerances/860
    KRESS iter=33 stage_iter=13 loss=3.5014e-02 rel=1.8273e-01 backtracks=0 pred_raw=2.991e-01 pred_accepted=2.991e-01 step=2.000 mm curve=1.995 mm arc_refit=0.000/0.000 mm speed_ratio=2.179->2.179 projection=0.346 mm tail=0.000 mm/off tail_rejects=0 eikonal=1.099e-01 redistance=distance_boundary_and_eikonal_tolerances/180
    KRESS iter=34 stage_iter=14 loss=2.3234e-02 rel=1.4886e-01 backtracks=0 pred_raw=3.611e-01 pred_accepted=3.611e-01 step=1.995 mm curve=1.991 mm arc_refit=0.000/0.000 mm speed_ratio=2.202->2.202 projection=0.394 mm tail=0.000 mm/off tail_rejects=0 eikonal=1.153e-01 redistance=distance_boundary_and_eikonal_tolerances/140
    KRESS iter=35 stage_iter=15 loss=1.3798e-02 rel=1.1472e-01 backtracks=0 pred_raw=4.502e-01 pred_accepted=4.502e-01 step=1.987 mm curve=1.985 mm arc_refit=0.000/0.000 mm speed_ratio=2.220->2.220 projection=0.429 mm tail=0.000 mm/off tail_rejects=0 eikonal=1.138e-01 redistance=distance_boundary_and_eikonal_tolerances/340
    KRESS iter=36 stage_iter=16 loss=6.8144e-03 rel=8.0626e-02 backtracks=0 pred_raw=5.894e-01 pred_accepted=5.894e-01 step=1.997 mm curve=1.995 mm arc_refit=0.000/0.000 mm speed_ratio=2.230->2.230 projection=0.446 mm tail=0.000 mm/off tail_rejects=0 eikonal=1.161e-01 redistance=distance_boundary_and_eikonal_tolerances/280
    KRESS iter=37 stage_iter=17 loss=2.3723e-03 rel=4.7575e-02 backtracks=0 pred_raw=8.236e-01 pred_accepted=8.236e-01 step=1.996 mm curve=1.995 mm arc_refit=0.000/0.000 mm speed_ratio=2.220->2.220 projection=0.423 mm tail=0.000 mm/off tail_rejects=0 eikonal=1.161e-01 redistance=distance_boundary_and_eikonal_tolerances/540
    KRESS iter=38 stage_iter=18 loss=3.2307e-04 rel=1.7550e-02 backtracks=0 pred_raw=1.279e+00 pred_accepted=1.279e+00 step=1.879 mm curve=1.877 mm arc_refit=0.000/0.000 mm speed_ratio=2.190->2.190 projection=0.357 mm tail=0.000 mm/off tail_rejects=0 eikonal=1.110e-01 redistance=distance_boundary_and_eikonal_tolerances/900
    KRESS iter=39 stage_iter=19 loss=1.8177e-05 rel=4.1587e-03 backtracks=0 pred_raw=1.539e+00 pred_accepted=1.539e+00 step=0.805 mm curve=0.800 mm arc_refit=0.000/0.000 mm speed_ratio=2.163->2.163 projection=0.342 mm tail=0.000 mm/off tail_rejects=0 eikonal=1.129e-01 redistance=distance_boundary_and_eikonal_tolerances/100
    KRESS iter=40 stage_iter=20 loss=5.8305e-07 rel=7.4381e-04 backtracks=0 pred_raw=1.646e+00 pred_accepted=1.646e+00 step=0.182 mm curve=0.179 mm arc_refit=0.000/0.000 mm speed_ratio=2.154->2.154 projection=0.322 mm tail=0.000 mm/off tail_rejects=0 eikonal=1.101e-01 redistance=distance_boundary_and_eikonal_tolerances/720
  stage 2 stop=maximum_iterations accepted=20
  stage 3/3 train=0.5,1.5,2.5 GHz modes=0..5 budget=111
    KRESS iter=41 stage_iter=00 loss=5.0547e-06 rel=1.1115e-03 backtracks=0 pred_raw=0.000e+00 pred_accepted=0.000e+00 step=0.000 mm curve=0.000 mm arc_refit=0.000/0.000 mm speed_ratio=2.154->2.154 projection=0.322 mm tail=0.000 mm/off tail_rejects=0 eikonal=8.465e-02 redistance=initialized/0
    KRESS iter=42 stage_iter=01 loss=4.1508e-08 rel=1.0160e-04 backtracks=0 pred_raw=1.821e+00 pred_accepted=1.821e+00 step=0.033 mm curve=0.032 mm arc_refit=0.000/0.000 mm speed_ratio=2.152->2.152 projection=0.323 mm tail=0.000 mm/off tail_rejects=0 eikonal=8.366e-02 redistance=distance_boundary_and_eikonal_tolerances/260
    KRESS iter=43 stage_iter=02 loss=3.6044e-10 rel=9.5563e-06 backtracks=0 pred_raw=1.815e+00 pred_accepted=1.815e+00 step=0.003 mm curve=0.003 mm arc_refit=0.000/0.000 mm speed_ratio=2.151->2.151 projection=0.339 mm tail=0.000 mm/off tail_rejects=0 eikonal=8.200e-02 redistance=distance_boundary_and_eikonal_tolerances/180
    KRESS iter=44 stage_iter=03 loss=3.3752e-12 rel=9.3790e-07 backtracks=0 pred_raw=1.808e+00 pred_accepted=1.808e+00 step=0.000 mm curve=0.000 mm arc_refit=0.000/0.000 mm speed_ratio=2.151->2.151 projection=0.323 mm tail=0.000 mm/off tail_rejects=0 eikonal=8.370e-02 redistance=distance_boundary_and_eikonal_tolerances/220
    KRESS iter=45 stage_iter=04 loss=3.5088e-14 rel=9.7317e-08 backtracks=0 pred_raw=1.799e+00 pred_accepted=1.799e+00 step=0.000 mm curve=0.000 mm arc_refit=0.000/0.000 mm speed_ratio=2.151->2.151 projection=0.331 mm tail=0.000 mm/off tail_rejects=0 eikonal=8.483e-02 redistance=distance_boundary_and_eikonal_tolerances/100
    KRESS iter=46 stage_iter=05 loss=4.0870e-16 rel=1.0683e-08 backtracks=0 pred_raw=1.787e+00 pred_accepted=1.787e+00 step=0.000 mm curve=0.000 mm arc_refit=0.000/0.000 mm speed_ratio=2.151->2.151 projection=0.329 mm tail=0.000 mm/off tail_rejects=0 eikonal=8.472e-02 redistance=distance_boundary_and_eikonal_tolerances/140
  stage 3 stop=representation_limited_stationary accepted=5

Artifacts: /home/drdeng/Neural_SDF_BEM_AD/results/inverse_solver_comparison/mlp-radial-continuation-k5-ellipse-to-star-kress-20260904
