central-ellipse-star H: cycle=0 refine 0 M=2 J=0.0374664
central-ellipse-star H: cycle=0 refine 1 M=2 J=0.00716737
central-ellipse-star H: cycle=0 refine 2 M=2 J=0.00628207
central-ellipse-star H: cycle=0 refine 3 M=2 J=0.00627089
central-ellipse-star H: cycle=0 refine 4 M=2 J=0.00627072
central-ellipse-star H: cycle=0 refine 5 M=2 J=0.00627071
central-ellipse-star H: cycle=0 refine 6 M=2 J=0.00627071
central-ellipse-star H: cycle=0 before birth M=2 J=0.00627071
central-ellipse-star H: cycle=0 BIRTH accepted M=3 J=0.00154252
central-ellipse-star H: cycle=1 refine 0 M=3 J=0.00154252
central-ellipse-star H: cycle=1 refine 1 M=3 J=0.00152889
central-ellipse-star H: cycle=1 refine 2 M=3 J=0.00152086
central-ellipse-star H: cycle=1 refine 3 M=3 J=0.00151842
central-ellipse-star H: cycle=1 refine 4 M=3 J=0.00151797
central-ellipse-star H: cycle=1 refine 5 M=3 J=0.00151782
central-ellipse-star H: cycle=1 refine 6 M=3 J=0.00151777
central-ellipse-star H: cycle=1 refine 7 M=3 J=0.00151773
central-ellipse-star H: cycle=1 before merge M=3 J=0.00151773
central-ellipse-star H: cycle=1 MERGE accepted M=2 J=0.000454887
central-ellipse-star H: cycle=2 refine 0 M=2 J=0.000454887
central-ellipse-star H: cycle=2 refine 1 M=2 J=0.000357761
central-ellipse-star H: cycle=2 refine 2 M=2 J=0.000294706
central-ellipse-star H: cycle=2 refine 3 M=2 J=0.000225434
central-ellipse-star H: cycle=2 refine 4 M=2 J=0.000195927
central-ellipse-star H: cycle=2 refine 5 M=2 J=0.00019078
central-ellipse-star H: cycle=2 refine 6 M=2 J=0.000162377
central-ellipse-star H: cycle=2 refine 7 M=2 J=0.000161832
central-ellipse-star H: cycle=2 refine 8 M=2 J=0.000145724
central-ellipse-star H: cycle=2 refine 9 M=2 J=0.000144916
central-ellipse-star H: cycle=2 refine 10 M=2 J=0.000143756
central-ellipse-star H: cycle=2 refine 11 M=2 J=0.000142886
central-ellipse-star H: cycle=2 refine 12 M=2 J=0.000142743
central-ellipse-star H: cycle=2 refine 13 M=2 J=0.000142179
central-ellipse-star H: cycle=2 refine 14 M=2 J=0.000142012
central-ellipse-star H: cycle=2 refine 15 M=2 J=0.000141554
central-ellipse-star H: cycle=2 refine 16 M=2 J=0.000141387
central-ellipse-star H: cycle=2 refine 17 M=2 J=0.000138021
central-ellipse-star H: cycle=2 refine 18 M=2 J=0.000136098
central-ellipse-star H: cycle=2 refine 19 M=2 J=0.000135887
central-ellipse-star H: cycle=2 refine 20 M=2 J=0.000135847
central-ellipse-star H: cycle=2 refine 21 M=2 J=0.000135554
central-ellipse-star H: cycle=2 refine 22 M=2 J=0.00013417
{"scene": "central-ellipse-star", "arm": "H", "completed": true, "passed": false, "stop": "topology_stationary", "gates": {"correct_count": true, "boundary": false, "overlap": false, "training": false, "holdout": false, "monotone_accepted_states": true, "all_event_margins_pass": true}}
