death H: cycle=0 refine 0 M=1 J=1.36167
death H: cycle=0 refine 1 M=1 J=1.36148
death H: cycle=0 refine 2 M=1 J=1.36084
death H: cycle=0 refine 3 M=1 J=1.35864
death H: cycle=0 refine 4 M=1 J=1.35125
death H: cycle=0 refine 5 M=1 J=1.32716
death H: cycle=0 refine 6 M=1 J=1.25271
death H: cycle=0 refine 7 M=1 J=1.05081
death H: cycle=0 refine 8 M=1 J=0.724839
death H: cycle=0 refine 9 M=1 J=0.558915
death H: cycle=0 refine 10 M=1 J=0.542387
death H: cycle=0 refine 11 M=1 J=0.541315
death H: cycle=0 refine 12 M=1 J=0.541247
death H: cycle=0 refine 13 M=1 J=0.541243
death H: cycle=0 refine 14 M=1 J=0.541243
death H: cycle=0 refine 15 M=1 J=0.541243
death H: cycle=0 refine 16 M=1 J=0.541243
death H: cycle=0 refine 17 M=1 J=0.541243
death H: cycle=0 before death M=1 J=0.541243
death H: cycle=0 DEATH accepted M=0 J=0.5
death H: cycle=1 empty_domain M=0 J=0.5
death H: cycle=1 before birth M=0 J=0.5
death H: cycle=1 BIRTH accepted M=1 J=0.195968
death H: cycle=2 refine 0 M=1 J=0.195968
death H: cycle=2 refine 1 M=1 J=0.195966
death H: cycle=2 refine 2 M=1 J=0.195966
death H: cycle=2 refine 3 M=1 J=0.195966
death H: cycle=2 refine 4 M=1 J=0.195966
death H: cycle=2 refine 5 M=1 J=0.195966
death H: cycle=2 before birth M=1 J=0.195966
death H: cycle=2 BIRTH accepted M=2 J=5.56987e-14
death H: cycle=3 refine 0 M=2 J=5.56987e-14
{"scene": "death", "arm": "H", "completed": true, "passed": true, "stop": "recovered", "gates": {"correct_count": true, "boundary": true, "overlap": true, "training": true, "holdout": true, "monotone_accepted_states": true, "all_event_margins_pass": true}}
