far-two-circles H: cycle=0 refine 0 M=1 J=1.24263
far-two-circles H: cycle=0 refine 1 M=1 J=1.23338
far-two-circles H: cycle=0 refine 2 M=1 J=1.21718
far-two-circles H: cycle=0 refine 3 M=1 J=1.16451
far-two-circles H: cycle=0 refine 4 M=1 J=0.95617
far-two-circles H: cycle=0 refine 5 M=1 J=0.643053
far-two-circles H: cycle=0 refine 6 M=1 J=0.408757
far-two-circles H: cycle=0 refine 7 M=1 J=0.245531
far-two-circles H: cycle=0 refine 8 M=1 J=0.188514
far-two-circles H: cycle=0 refine 9 M=1 J=0.185424
far-two-circles H: cycle=0 refine 10 M=1 J=0.185382
far-two-circles H: cycle=0 refine 11 M=1 J=0.18538
far-two-circles H: cycle=0 refine 12 M=1 J=0.18538
far-two-circles H: cycle=0 refine 13 M=1 J=0.18538
far-two-circles H: cycle=0 refine 14 M=1 J=0.18538
far-two-circles H: cycle=0 refine 15 M=1 J=0.18538
far-two-circles H: cycle=0 before birth M=1 J=0.18538
far-two-circles H: cycle=0 BIRTH accepted M=2 J=3.99938e-14
far-two-circles H: cycle=1 refine 0 M=2 J=3.99938e-14
{"scene": "far-two-circles", "arm": "H", "completed": true, "passed": true, "stop": "recovered", "gates": {"correct_count": true, "boundary": true, "overlap": true, "training": true, "holdout": true, "monotone_accepted_states": true, "all_event_margins_pass": true}}
