
=== Electromagnetic modelling software based on the Finite-Difference Time-Domain (FDTD) method 

[36m    www.gprmax.com   __  __
     __ _ _ __  _ __|  \/  | __ ___  __
    / _` | '_ \| '__| |\/| |/ _` \ \/ /
   | (_| | |_) | |  | |  | | (_| |>  <
    \__, | .__/|_|  |_|  |_|\__,_/_/\_\\
    |___/|_|
                     v3.1.7 (Big Smoke)

[0m Copyright (C) 2015-2023: The University of Edinburgh
 Authors: Craig Warren and Antonis Giannopoulos

 gprMax is free software: you can redistribute it and/or modify it under the
  terms of the GNU General Public License as published by the Free Software
  Foundation, either version 3 of the License, or (at your option) any later
  version.
 gprMax is distributed in the hope that it will be useful, but WITHOUT ANY
  WARRANTY; without even the implied warranty of MERCHANTABILITY or FITNESS FOR
  A PARTICULAR PURPOSE.  See the GNU General Public License for more details.
 You should have received a copy of the GNU General Public License along with
  gprMax.  If not, see www.gnu.org/licenses.

Host: pc-Alienware-Area-51-AAT2250 | Alienware Alienware Area-51 AAT2250 | 24 x Intel(R) Core(TM) Ultra 9 285K (24 cores) | 62.3GiB RAM | Linux-6.8.0-138-generic-x86_64-with-glibc2.35
[32m
--- Model 1/1, input file: /tmp/neural_bem_time_domain_dzw9pe2a/target.in -----
[0m
Constants/variables used/available for Python scripting: {c: 299792458.0, current_model_run: 1, e0: 8.8541878188e-12, inputfile: /tmp/neural_bem_time_domain_dzw9pe2a/target.in, m0: 1.25663706127e-06, number_model_runs: 1, z0: 376.7303134118051}

Model title: time-domain circle, target
Number of CPU (OpenMP) threads: 2
Spatial discretisation: 0.004 x 0.004 x 0.004m
Domain size: 0.8 x 0.8 x 0.004m (200 x 200 x 1 = 40000 cells)
Mode: 2D TMz
Time step (at CFL limit): 9.43462e-12 secs
Time window: 1.2e-08 secs (1273 iterations)

Waveform pulse of type ricker with maximum amplitude scaling 1, frequency 1e+09Hz created.
Hertzian dipole with polarity z at 0.4m, 0.7m, 0m, using waveform pulse created.
Receiver at 0.2m, 0.64m, 0m with output component(s) Ex, Ey, Ez, Hx, Hy, Hz created.
Receiver at 0.22m, 0.64m, 0m with output component(s) Ex, Ey, Ez, Hx, Hy, Hz created.
Receiver at 0.24m, 0.64m, 0m with output component(s) Ex, Ey, Ez, Hx, Hy, Hz created.
Receiver at 0.26m, 0.64m, 0m with output component(s) Ex, Ey, Ez, Hx, Hy, Hz created.
Receiver at 0.28m, 0.64m, 0m with output component(s) Ex, Ey, Ez, Hx, Hy, Hz created.
Receiver at 0.3m, 0.64m, 0m with output component(s) Ex, Ey, Ez, Hx, Hy, Hz created.
Receiver at 0.32m, 0.64m, 0m with output component(s) Ex, Ey, Ez, Hx, Hy, Hz created.
Receiver at 0.34m, 0.64m, 0m with output component(s) Ex, Ey, Ez, Hx, Hy, Hz created.
Receiver at 0.36m, 0.64m, 0m with output component(s) Ex, Ey, Ez, Hx, Hy, Hz created.
Receiver at 0.38m, 0.64m, 0m with output component(s) Ex, Ey, Ez, Hx, Hy, Hz created.
Receiver at 0.4m, 0.64m, 0m with output component(s) Ex, Ey, Ez, Hx, Hy, Hz created.
Receiver at 0.42m, 0.64m, 0m with output component(s) Ex, Ey, Ez, Hx, Hy, Hz created.
Receiver at 0.44m, 0.64m, 0m with output component(s) Ex, Ey, Ez, Hx, Hy, Hz created.
Receiver at 0.46m, 0.64m, 0m with output component(s) Ex, Ey, Ez, Hx, Hy, Hz created.
Receiver at 0.48m, 0.64m, 0m with output component(s) Ex, Ey, Ez, Hx, Hy, Hz created.
Receiver at 0.5m, 0.64m, 0m with output component(s) Ex, Ey, Ez, Hx, Hy, Hz created.
Receiver at 0.52m, 0.64m, 0m with output component(s) Ex, Ey, Ez, Hx, Hy, Hz created.
Receiver at 0.54m, 0.64m, 0m with output component(s) Ex, Ey, Ez, Hx, Hy, Hz created.
Receiver at 0.56m, 0.64m, 0m with output component(s) Ex, Ey, Ez, Hx, Hy, Hz created.
Receiver at 0.58m, 0.64m, 0m with output component(s) Ex, Ey, Ez, Hx, Hy, Hz created.
Material dielectric with eps_r=4, sigma=0 S/m; mu_r=1, sigma*=0 Ohm/m created.

Memory (RAM) required: ~54.8MB

Processing geometry related cmds:   0%|                | 0/1 [00:00<?, ?cmds/s]                                                                               Cylinder with face centres 0.4m, 0.4m, 0m and 0.4m, 0.4m, 0.004m, with radius 0.1m, of material(s) dielectric created, dielectric smoothing is on.
Processing geometry related cmds:   0%|                | 0/1 [00:00<?, ?cmds/s]Processing geometry related cmds: 100%|██████| 1/1 [00:00<00:00, 3028.38cmds/s]

PML: formulation: HORIPML, order: 1, thickness: x0: 12, y0: 12, z0: 0, xmax: 12, ymax: 12, zmax: 0 cells
Building PML boundaries:   0%|                           | 0/4 [00:00<?, ?it/s]Building PML boundaries: 100%|█████████████████| 4/4 [00:00<00:00, 8701.88it/s]

Building main grid:   0%|                                | 0/2 [00:00<?, ?it/s]Building main grid: 100%|███████████████████████| 2/2 [00:00<00:00, 764.20it/s]

Materials:
    |                                             |                     |       | sigma |      | sigma*  | Dielectric 
 ID | Name                                        | Type                | eps_r | [S/m] | mu_r | [Ohm/m] | smoothable 
----+---------------------------------------------+---------------------+-------+-------+------+---------+------------
  0 | pec                                         | builtin             | 1     | inf   | 1    | 0       | False      
  1 | free_space                                  | builtin             | 1     | 0     | 1    | 0       | True       
  2 | dielectric                                  |                     | 4     | 0     | 1    | 0       | True       
  3 | dielectric+free_space+free_space+free_space | dielectric-smoothed | 1.75  | 0     | 1    | 0       | True       
  4 | dielectric+free_space+free_space+dielectric | dielectric-smoothed | 2.5   | 0     | 1    | 0       | True       
  5 | dielectric+dielectric+free_space+dielectric | dielectric-smoothed | 3.25  | 0     | 1    | 0       | True       

Numerical dispersion analysis: estimated largest physical phase-velocity error is -0.48% in material 'dielectric' whose wavelength sampled by 13 cells. Maximum significant frequency estimated as 2.83091e+09Hz

Output file: /tmp/neural_bem_time_domain_dzw9pe2a/target.out

Running simulation, model 1/1:   0%|                  | 0/1273 [00:00<?, ?it/s]Running simulation, model 1/1:  19%|█▏    | 245/1273 [00:00<00:00, 2444.93it/s]Running simulation, model 1/1:  38%|██▎   | 490/1273 [00:00<00:00, 2390.24it/s]Running simulation, model 1/1:  59%|███▌  | 746/1273 [00:00<00:00, 2465.32it/s]Running simulation, model 1/1:  78%|████▋ | 995/1273 [00:00<00:00, 2472.70it/s]Running simulation, model 1/1:  98%|████▉| 1247/1273 [00:00<00:00, 2488.84it/s]Running simulation, model 1/1: 100%|█████| 1273/1273 [00:00<00:00, 2471.50it/s]
Memory (RAM) used: ~118MB
Solving time [HH:MM:SS]: 0:00:00.515246

=== Simulation completed in [HH:MM:SS]: 0:00:00.555948 ========================

