[initialization] random MLP -> wrong ellipse contour
[initialization] redistance=distance_boundary_and_eikonal_tolerances/500, heldout=3.060 mm, boundary=0.252 mm, eikonal=9.618e-02, best_step=500
[oracle] nystrom_ref independent Nystrom/Muller solution of the exact star
[modes] ka_max=6.91 on the initial contour -> wave limit 9, 24-angle limit 11; using 5
[continuation] strategy=full_band_progressive_modes: stage 1: 0.5,1.5,2.5 GHz (20 iterations) -> stage 2: 0.5,1.5,2.5 GHz (20 iterations) -> stage 3: 0.5,1.5,2.5 GHz (40 iterations)

[KRESS] alternating MLP inverse
  stage 1/3 train=0.5,1.5,2.5 GHz modes=0..1 budget=20
    KRESS iter=00 stage_iter=00 loss=2.2236e+00 rel=1.1941e+00 step=0.000 mm curve=0.000 mm projection=0.000 mm tail=11.712 mm/off tail_rejects=0 eikonal=9.797e-02 redistance=initialized/0
    KRESS iter=01 stage_iter=01 loss=2.0315e+00 rel=1.1389e+00 step=3.101 mm curve=3.101 mm projection=0.120 mm tail=11.791 mm/off tail_rejects=0 eikonal=9.748e-02 redistance=distance_boundary_and_eikonal_tolerances/180
    KRESS iter=02 stage_iter=02 loss=1.9233e+00 rel=1.0999e+00 step=2.682 mm curve=2.682 mm projection=0.157 mm tail=11.832 mm/off tail_rejects=0 eikonal=9.406e-02 redistance=distance_boundary_and_eikonal_tolerances/200
    KRESS iter=03 stage_iter=03 loss=1.8623e+00 rel=1.0778e+00 step=1.905 mm curve=1.905 mm projection=0.155 mm tail=11.846 mm/off tail_rejects=0 eikonal=9.940e-02 redistance=distance_boundary_and_eikonal_tolerances/160
    KRESS iter=04 stage_iter=04 loss=1.8235e+00 rel=1.0653e+00 step=1.408 mm curve=1.408 mm projection=0.165 mm tail=11.847 mm/off tail_rejects=0 eikonal=9.551e-02 redistance=distance_boundary_and_eikonal_tolerances/180
    KRESS iter=05 stage_iter=05 loss=1.7981e+00 rel=1.0573e+00 step=1.133 mm curve=1.133 mm projection=0.159 mm tail=11.848 mm/off tail_rejects=0 eikonal=9.999e-02 redistance=distance_boundary_and_eikonal_tolerances/160
    KRESS iter=06 stage_iter=06 loss=1.7810e+00 rel=1.0518e+00 step=0.946 mm curve=0.946 mm projection=0.209 mm tail=11.850 mm/off tail_rejects=0 eikonal=9.410e-02 redistance=distance_boundary_and_eikonal_tolerances/180
    KRESS iter=07 stage_iter=07 loss=1.7690e+00 rel=1.0479e+00 step=0.803 mm curve=0.803 mm projection=0.209 mm tail=11.854 mm/off tail_rejects=0 eikonal=9.939e-02 redistance=distance_boundary_and_eikonal_tolerances/160
    KRESS iter=08 stage_iter=08 loss=1.7600e+00 rel=1.0454e+00 step=0.693 mm curve=0.693 mm projection=0.207 mm tail=11.860 mm/off tail_rejects=0 eikonal=1.004e-01 redistance=distance_boundary_and_eikonal_tolerances/160
    KRESS iter=09 stage_iter=09 loss=1.7529e+00 rel=1.0438e+00 step=0.609 mm curve=0.609 mm projection=0.216 mm tail=11.867 mm/off tail_rejects=0 eikonal=1.015e-01 redistance=distance_boundary_and_eikonal_tolerances/160
    KRESS iter=10 stage_iter=10 loss=1.7469e+00 rel=1.0429e+00 step=0.562 mm curve=0.562 mm projection=0.219 mm tail=11.876 mm/off tail_rejects=0 eikonal=9.435e-02 redistance=distance_boundary_and_eikonal_tolerances/180
    KRESS iter=11 stage_iter=11 loss=1.7417e+00 rel=1.0425e+00 step=0.537 mm curve=0.537 mm projection=0.252 mm tail=11.885 mm/off tail_rejects=0 eikonal=9.907e-02 redistance=distance_boundary_and_eikonal_tolerances/160
    KRESS iter=12 stage_iter=12 loss=1.7370e+00 rel=1.0425e+00 step=0.518 mm curve=0.517 mm projection=0.243 mm tail=11.895 mm/off tail_rejects=0 eikonal=9.939e-02 redistance=distance_boundary_and_eikonal_tolerances/160
    KRESS iter=13 stage_iter=13 loss=1.7327e+00 rel=1.0428e+00 step=0.501 mm curve=0.501 mm projection=0.265 mm tail=11.905 mm/off tail_rejects=0 eikonal=9.311e-02 redistance=distance_boundary_and_eikonal_tolerances/180
    KRESS iter=14 stage_iter=14 loss=1.7287e+00 rel=1.0433e+00 step=0.486 mm curve=0.486 mm projection=0.275 mm tail=11.917 mm/off tail_rejects=0 eikonal=9.809e-02 redistance=distance_boundary_and_eikonal_tolerances/160
    KRESS iter=15 stage_iter=15 loss=1.7249e+00 rel=1.0440e+00 step=0.471 mm curve=0.471 mm projection=0.287 mm tail=11.928 mm/off tail_rejects=0 eikonal=9.271e-02 redistance=distance_boundary_and_eikonal_tolerances/180
    KRESS iter=16 stage_iter=16 loss=1.7214e+00 rel=1.0448e+00 step=0.456 mm curve=0.456 mm projection=0.315 mm tail=11.940 mm/off tail_rejects=0 eikonal=9.710e-02 redistance=distance_boundary_and_eikonal_tolerances/160
    KRESS iter=17 stage_iter=17 loss=1.7181e+00 rel=1.0456e+00 step=0.441 mm curve=0.441 mm projection=0.343 mm tail=11.953 mm/off tail_rejects=0 eikonal=9.749e-02 redistance=distance_boundary_and_eikonal_tolerances/160
    KRESS iter=18 stage_iter=18 loss=1.7151e+00 rel=1.0465e+00 step=0.425 mm curve=0.425 mm projection=0.395 mm tail=11.965 mm/off tail_rejects=0 eikonal=9.281e-02 redistance=distance_boundary_and_eikonal_tolerances/180
    KRESS iter=19 stage_iter=19 loss=1.7123e+00 rel=1.0474e+00 step=0.409 mm curve=0.409 mm projection=0.382 mm tail=11.977 mm/off tail_rejects=0 eikonal=9.683e-02 redistance=distance_boundary_and_eikonal_tolerances/160
    KRESS iter=20 stage_iter=20 loss=1.7097e+00 rel=1.0483e+00 step=0.393 mm curve=0.393 mm projection=0.369 mm tail=11.990 mm/off tail_rejects=0 eikonal=9.842e-02 redistance=distance_boundary_and_eikonal_tolerances/160
  stage 1 stop=maximum_iterations accepted=20
  stage 2/3 train=0.5,1.5,2.5 GHz modes=0..3 budget=20
    KRESS iter=21 stage_iter=00 loss=1.7097e+00 rel=1.0483e+00 step=0.000 mm curve=0.000 mm projection=0.369 mm tail=3.866 mm/off tail_rejects=0 eikonal=9.905e-02 redistance=initialized/0
    KRESS iter=22 stage_iter=01 loss=1.6488e+00 rel=1.0401e+00 step=2.000 mm curve=2.000 mm projection=0.395 mm tail=3.907 mm/off tail_rejects=0 eikonal=9.681e-02 redistance=distance_boundary_and_eikonal_tolerances/180
    KRESS iter=23 stage_iter=02 loss=1.6303e+00 rel=1.0405e+00 step=1.180 mm curve=1.180 mm projection=0.359 mm tail=3.930 mm/off tail_rejects=0 eikonal=9.984e-02 redistance=distance_boundary_and_eikonal_tolerances/160
    KRESS iter=24 stage_iter=03 loss=1.6264e+00 rel=1.0413e+00 step=0.279 mm curve=0.279 mm projection=0.402 mm tail=3.931 mm/off tail_rejects=0 eikonal=9.988e-02 redistance=distance_boundary_and_eikonal_tolerances/160
    KRESS iter=25 stage_iter=04 loss=1.6259e+00 rel=1.0414e+00 step=0.036 mm curve=0.036 mm projection=0.392 mm tail=3.931 mm/off tail_rejects=0 eikonal=9.796e-02 redistance=distance_boundary_and_eikonal_tolerances/160
  stage 2 stop=no_fully_valid_geometry accepted=4
  stage 3/3 train=0.5,1.5,2.5 GHz modes=0..5 budget=56 (planned=40, carry=16)
    KRESS iter=26 stage_iter=00 loss=1.6259e+00 rel=1.0414e+00 step=0.000 mm curve=0.000 mm projection=0.392 mm tail=1.824 mm/off tail_rejects=0 eikonal=9.036e-02 redistance=initialized/0
    KRESS iter=27 stage_iter=01 loss=1.4530e+00 rel=1.0157e+00 step=3.955 mm curve=3.954 mm projection=0.475 mm tail=1.992 mm/off tail_rejects=0 eikonal=9.253e-02 redistance=distance_boundary_and_eikonal_tolerances/200
    KRESS iter=28 stage_iter=02 loss=1.4011e+00 rel=9.9716e-01 step=2.072 mm curve=2.072 mm projection=0.421 mm tail=2.055 mm/off tail_rejects=0 eikonal=9.817e-02 redistance=distance_boundary_and_eikonal_tolerances/180
    KRESS iter=29 stage_iter=03 loss=1.3828e+00 rel=9.9214e-01 step=1.215 mm curve=1.214 mm projection=0.352 mm tail=2.098 mm/off tail_rejects=0 eikonal=9.405e-02 redistance=distance_boundary_and_eikonal_tolerances/200
    KRESS iter=30 stage_iter=04 loss=1.3719e+00 rel=9.8466e-01 step=1.208 mm curve=1.208 mm projection=0.336 mm tail=2.113 mm/off tail_rejects=0 eikonal=9.623e-02 redistance=distance_boundary_and_eikonal_tolerances/180
    KRESS iter=31 stage_iter=05 loss=1.3631e+00 rel=9.8098e-01 step=1.128 mm curve=1.128 mm projection=0.342 mm tail=2.130 mm/off tail_rejects=0 eikonal=8.902e-02 redistance=distance_boundary_and_eikonal_tolerances/220
    KRESS iter=32 stage_iter=06 loss=1.3543e+00 rel=9.7588e-01 step=1.329 mm curve=1.329 mm projection=0.324 mm tail=2.146 mm/off tail_rejects=0 eikonal=9.236e-02 redistance=distance_boundary_and_eikonal_tolerances/180
    KRESS iter=33 stage_iter=07 loss=1.3450e+00 rel=9.7243e-01 step=1.361 mm curve=1.361 mm projection=0.311 mm tail=2.162 mm/off tail_rejects=0 eikonal=9.043e-02 redistance=distance_boundary_and_eikonal_tolerances/200
    KRESS iter=34 stage_iter=08 loss=1.3347e+00 rel=9.6895e-01 step=1.467 mm curve=1.467 mm projection=0.295 mm tail=2.175 mm/off tail_rejects=0 eikonal=9.267e-02 redistance=distance_boundary_and_eikonal_tolerances/180
    KRESS iter=35 stage_iter=09 loss=1.3233e+00 rel=9.6651e-01 step=1.495 mm curve=1.495 mm projection=0.269 mm tail=2.183 mm/off tail_rejects=0 eikonal=9.448e-02 redistance=distance_boundary_and_eikonal_tolerances/180
    KRESS iter=36 stage_iter=10 loss=1.3109e+00 rel=9.6473e-01 step=1.491 mm curve=1.491 mm projection=0.282 mm tail=2.186 mm/off tail_rejects=0 eikonal=9.375e-02 redistance=distance_boundary_and_eikonal_tolerances/200
    KRESS iter=37 stage_iter=11 loss=1.2989e+00 rel=9.6362e-01 step=1.394 mm curve=1.394 mm projection=0.278 mm tail=2.187 mm/off tail_rejects=0 eikonal=1.013e-01 redistance=distance_boundary_and_eikonal_tolerances/160
    KRESS iter=38 stage_iter=12 loss=1.2886e+00 rel=9.6287e-01 step=1.211 mm curve=1.211 mm projection=0.274 mm tail=2.189 mm/off tail_rejects=0 eikonal=9.006e-02 redistance=distance_boundary_and_eikonal_tolerances/320
    KRESS iter=39 stage_iter=13 loss=1.2810e+00 rel=9.6225e-01 step=0.979 mm curve=0.979 mm projection=0.251 mm tail=2.195 mm/off tail_rejects=0 eikonal=9.712e-02 redistance=distance_boundary_and_eikonal_tolerances/160
    KRESS iter=40 stage_iter=14 loss=1.2760e+00 rel=9.6164e-01 step=0.761 mm curve=0.761 mm projection=0.310 mm tail=2.203 mm/off tail_rejects=0 eikonal=9.554e-02 redistance=distance_boundary_and_eikonal_tolerances/200
    KRESS iter=41 stage_iter=15 loss=1.2729e+00 rel=9.6104e-01 step=0.573 mm curve=0.573 mm projection=0.346 mm tail=2.214 mm/off tail_rejects=0 eikonal=9.507e-02 redistance=distance_boundary_and_eikonal_tolerances/200
    KRESS iter=42 stage_iter=16 loss=1.2710e+00 rel=9.6049e-01 step=0.431 mm curve=0.431 mm projection=0.289 mm tail=2.226 mm/off tail_rejects=0 eikonal=9.493e-02 redistance=distance_boundary_and_eikonal_tolerances/220
    KRESS iter=43 stage_iter=17 loss=1.2699e+00 rel=9.6001e-01 step=0.333 mm curve=0.333 mm projection=0.252 mm tail=2.237 mm/off tail_rejects=0 eikonal=9.966e-02 redistance=distance_boundary_and_eikonal_tolerances/160
    KRESS iter=44 stage_iter=18 loss=1.2692e+00 rel=9.5961e-01 step=0.257 mm curve=0.257 mm projection=0.251 mm tail=2.246 mm/off tail_rejects=0 eikonal=1.022e-01 redistance=distance_boundary_and_eikonal_tolerances/160
    KRESS iter=45 stage_iter=19 loss=1.2688e+00 rel=9.5928e-01 step=0.198 mm curve=0.198 mm projection=0.252 mm tail=2.255 mm/off tail_rejects=0 eikonal=1.043e-01 redistance=distance_boundary_and_eikonal_tolerances/160
    KRESS iter=46 stage_iter=20 loss=1.2686e+00 rel=9.5901e-01 step=0.153 mm curve=0.153 mm projection=0.262 mm tail=2.262 mm/off tail_rejects=0 eikonal=1.011e-01 redistance=distance_boundary_and_eikonal_tolerances/180
    KRESS iter=47 stage_iter=21 loss=1.2684e+00 rel=9.5879e-01 step=0.119 mm curve=0.119 mm projection=0.276 mm tail=2.268 mm/off tail_rejects=0 eikonal=1.005e-01 redistance=distance_boundary_and_eikonal_tolerances/180
    KRESS iter=48 stage_iter=22 loss=1.2683e+00 rel=9.5862e-01 step=0.093 mm curve=0.093 mm projection=0.268 mm tail=2.272 mm/off tail_rejects=0 eikonal=9.775e-02 redistance=distance_boundary_and_eikonal_tolerances/200
    KRESS iter=49 stage_iter=23 loss=1.2683e+00 rel=9.5849e-01 step=0.072 mm curve=0.072 mm projection=0.320 mm tail=2.276 mm/off tail_rejects=0 eikonal=9.779e-02 redistance=distance_boundary_and_eikonal_tolerances/180
    KRESS iter=50 stage_iter=24 loss=1.2682e+00 rel=9.5838e-01 step=0.056 mm curve=0.056 mm projection=0.295 mm tail=2.279 mm/off tail_rejects=0 eikonal=9.552e-02 redistance=distance_boundary_and_eikonal_tolerances/200
    KRESS iter=51 stage_iter=25 loss=1.2682e+00 rel=9.5830e-01 step=0.044 mm curve=0.044 mm projection=0.315 mm tail=2.282 mm/off tail_rejects=0 eikonal=9.635e-02 redistance=distance_boundary_and_eikonal_tolerances/180
    KRESS iter=52 stage_iter=26 loss=1.2682e+00 rel=9.5823e-01 step=0.035 mm curve=0.035 mm projection=0.283 mm tail=2.284 mm/off tail_rejects=0 eikonal=9.653e-02 redistance=distance_boundary_and_eikonal_tolerances/180
    KRESS iter=53 stage_iter=27 loss=1.2682e+00 rel=9.5818e-01 step=0.027 mm curve=0.027 mm projection=0.284 mm tail=2.285 mm/off tail_rejects=0 eikonal=9.246e-02 redistance=distance_boundary_and_eikonal_tolerances/200
    KRESS iter=54 stage_iter=28 loss=1.2682e+00 rel=9.5814e-01 step=0.021 mm curve=0.021 mm projection=0.304 mm tail=2.286 mm/off tail_rejects=0 eikonal=9.144e-02 redistance=distance_boundary_and_eikonal_tolerances/180
    KRESS iter=55 stage_iter=29 loss=1.2682e+00 rel=9.5811e-01 step=0.017 mm curve=0.017 mm projection=0.295 mm tail=2.287 mm/off tail_rejects=0 eikonal=9.206e-02 redistance=distance_boundary_and_eikonal_tolerances/180
    KRESS iter=56 stage_iter=30 loss=1.2682e+00 rel=9.5808e-01 step=0.013 mm curve=0.013 mm projection=0.308 mm tail=2.288 mm/off tail_rejects=0 eikonal=9.081e-02 redistance=distance_boundary_and_eikonal_tolerances/180
    KRESS iter=57 stage_iter=31 loss=1.2682e+00 rel=9.5806e-01 step=0.010 mm curve=0.010 mm projection=0.283 mm tail=2.289 mm/off tail_rejects=0 eikonal=9.116e-02 redistance=distance_boundary_and_eikonal_tolerances/180
    KRESS iter=58 stage_iter=32 loss=1.2682e+00 rel=9.5805e-01 step=0.008 mm curve=0.008 mm projection=0.241 mm tail=2.289 mm/off tail_rejects=0 eikonal=9.014e-02 redistance=distance_boundary_and_eikonal_tolerances/180
    KRESS iter=59 stage_iter=33 loss=1.2682e+00 rel=9.5803e-01 step=0.007 mm curve=0.007 mm projection=0.256 mm tail=2.290 mm/off tail_rejects=0 eikonal=8.984e-02 redistance=distance_boundary_and_eikonal_tolerances/180
    KRESS iter=60 stage_iter=34 loss=1.2682e+00 rel=9.5802e-01 step=0.005 mm curve=0.005 mm projection=0.257 mm tail=2.290 mm/off tail_rejects=0 eikonal=8.875e-02 redistance=distance_boundary_and_eikonal_tolerances/180
    KRESS iter=61 stage_iter=35 loss=1.2682e+00 rel=9.5802e-01 step=0.004 mm curve=0.004 mm projection=0.263 mm tail=2.290 mm/off tail_rejects=0 eikonal=8.851e-02 redistance=distance_boundary_and_eikonal_tolerances/180
    KRESS iter=62 stage_iter=36 loss=1.2682e+00 rel=9.5801e-01 step=0.003 mm curve=0.003 mm projection=0.253 mm tail=2.290 mm/off tail_rejects=0 eikonal=8.866e-02 redistance=distance_boundary_and_eikonal_tolerances/180
    KRESS iter=63 stage_iter=37 loss=1.2682e+00 rel=9.5801e-01 step=0.003 mm curve=0.003 mm projection=0.251 mm tail=2.290 mm/off tail_rejects=0 eikonal=8.808e-02 redistance=distance_boundary_and_eikonal_tolerances/180
    KRESS iter=64 stage_iter=38 loss=1.2682e+00 rel=9.5800e-01 step=0.002 mm curve=0.002 mm projection=0.267 mm tail=2.291 mm/off tail_rejects=0 eikonal=8.693e-02 redistance=distance_boundary_and_eikonal_tolerances/180
    KRESS iter=65 stage_iter=39 loss=1.2682e+00 rel=9.5800e-01 step=0.002 mm curve=0.002 mm projection=0.252 mm tail=2.291 mm/off tail_rejects=0 eikonal=8.717e-02 redistance=distance_boundary_and_eikonal_tolerances/180
    KRESS iter=66 stage_iter=40 loss=1.2682e+00 rel=9.5800e-01 step=0.001 mm curve=0.001 mm projection=0.261 mm tail=2.291 mm/off tail_rejects=0 eikonal=8.723e-02 redistance=distance_boundary_and_eikonal_tolerances/180
    KRESS iter=67 stage_iter=41 loss=1.2682e+00 rel=9.5799e-01 step=0.001 mm curve=0.001 mm projection=0.246 mm tail=2.291 mm/off tail_rejects=0 eikonal=8.559e-02 redistance=distance_boundary_and_eikonal_tolerances/180
    KRESS iter=68 stage_iter=42 loss=1.2682e+00 rel=9.5799e-01 step=0.001 mm curve=0.001 mm projection=0.248 mm tail=2.291 mm/off tail_rejects=0 eikonal=8.432e-02 redistance=distance_boundary_and_eikonal_tolerances/180
    KRESS iter=69 stage_iter=43 loss=1.2682e+00 rel=9.5799e-01 step=0.001 mm curve=0.001 mm projection=0.258 mm tail=2.291 mm/off tail_rejects=0 eikonal=8.510e-02 redistance=distance_boundary_and_eikonal_tolerances/180
    KRESS iter=70 stage_iter=44 loss=1.2682e+00 rel=9.5799e-01 step=0.000 mm curve=0.000 mm projection=0.243 mm tail=2.291 mm/off tail_rejects=0 eikonal=8.370e-02 redistance=distance_boundary_and_eikonal_tolerances/180
    KRESS iter=71 stage_iter=45 loss=1.2682e+00 rel=9.5799e-01 step=0.000 mm curve=0.000 mm projection=0.245 mm tail=2.291 mm/off tail_rejects=0 eikonal=8.240e-02 redistance=distance_boundary_and_eikonal_tolerances/180
    KRESS iter=72 stage_iter=46 loss=1.2682e+00 rel=9.5799e-01 step=0.000 mm curve=0.000 mm projection=0.243 mm tail=2.291 mm/off tail_rejects=0 eikonal=8.347e-02 redistance=distance_boundary_and_eikonal_tolerances/180
    KRESS iter=73 stage_iter=47 loss=1.2682e+00 rel=9.5799e-01 step=0.000 mm curve=0.000 mm projection=0.256 mm tail=2.291 mm/off tail_rejects=0 eikonal=8.240e-02 redistance=distance_boundary_and_eikonal_tolerances/180
    KRESS iter=74 stage_iter=48 loss=1.2682e+00 rel=9.5799e-01 step=0.000 mm curve=0.000 mm projection=0.242 mm tail=2.291 mm/off tail_rejects=0 eikonal=8.212e-02 redistance=distance_boundary_and_eikonal_tolerances/180
    KRESS iter=75 stage_iter=49 loss=1.2682e+00 rel=9.5799e-01 step=0.000 mm curve=0.000 mm projection=0.256 mm tail=2.291 mm/off tail_rejects=0 eikonal=8.135e-02 redistance=distance_boundary_and_eikonal_tolerances/180
    KRESS iter=76 stage_iter=50 loss=1.2682e+00 rel=9.5799e-01 step=0.000 mm curve=0.000 mm projection=0.243 mm tail=2.291 mm/off tail_rejects=0 eikonal=8.111e-02 redistance=distance_boundary_and_eikonal_tolerances/180
  stage 3 stop=no_decreasing_modal_step accepted=50

Artifacts: /home/drdeng/Neural_SDF_BEM_AD/results/inverse_solver_comparison/mlp-full-band-modes-ellipse-to-star-kress-20260903
