topology 0 refine 0 1.4312005874080431 solves 11
topology 0 refine 1 1.1918314334391233 solves 22
topology 0 refine 2 0.824553608463211 solves 33
topology 0 refine 3 0.6337072763824865 solves 44
topology 0 refine 4 0.5932541527199481 solves 55
topology 0 refine 5 0.5841928865789052 solves 66
topology 0 refine 6 0.581927160726527 solves 77
topology 0 refine 7 0.5812015401913226 solves 88
topology 0 refine 8 0.5808558967732259 solves 99
topology 0 refine 9 0.5806262498151603 solves 110
topology 0 refine 10 0.5804480422313929 solves 121
topology 0 refine 11 0.5803024980231153 solves 132
topology 0 refine 12 0.5801818837942971 solves 143
topology 0 refine 13 0.5800815431037165 solves 154
topology 0 refine 14 0.5799979926171568 solves 165
topology 0 refine 15 0.5799284145073882 solves 176
topology 0 refine 16 0.5798704765242151 solves 187
topology 0 refine 17 0.5798222368422264 solves 198
topology 0 refine 18 0.5797820765924748 solves 209
topology 0 refine 19 0.5797486460320083 solves 220
topology 0 refine 20 0.579720820019638 solves 231
topology 0 refine 21 0.5796976608632096 solves 242
topology 0 refine 22 0.5796783872641378 solves 253
topology 0 before birth 0.5796783872641378 solves 373
topology 0 BIRTH accepted 0.36511392713111157 solves 373
topology 1 refine 0 0.36511392713111157 solves 390
topology 1 refine 1 0.36499606774475035 solves 407
topology 1 refine 2 0.364920631838787 solves 424
topology 1 refine 3 0.3648602214789002 solves 441
topology 1 refine 4 0.3648067635576257 solves 458
topology 1 refine 5 0.3647576127143075 solves 475
topology 1 refine 6 0.3647117704074099 solves 492
topology 1 refine 7 0.36466878029234295 solves 509
topology 1 refine 8 0.3646283787397554 solves 526
topology 1 refine 9 0.3645903776400184 solves 543
topology 1 refine 10 0.3645546224536268 solves 560
topology 1 refine 11 0.36452097653869314 solves 577
topology 1 refine 12 0.36448931484391167 solves 594
topology 1 refine 13 0.3644595211642221 solves 611
topology 1 refine 14 0.36443148676216697 solves 628
topology 1 refine 15 0.3644051095559138 solves 645
topology 1 refine 16 0.3643802935514165 solves 662
topology 1 refine 17 0.3643569483943886 solves 679
topology 1 refine 18 0.3643349889883576 solves 696
topology 1 refine 19 0.3643143351555585 solves 713
topology 1 refine 20 0.36429491132932645 solves 730
topology 1 refine 21 0.36427664627181305 solves 747
topology 1 refine 22 0.36425947281322735 solves 764
topology 1 before death 0.36425947281322735 solves 965
topology 1 DEATH accepted 0.1855314020757498 solves 965
topology 2 refine 0 0.1855314020757498 solves 972
topology 2 refine 1 0.18553034422588818 solves 979
topology 2 refine 2 0.18553027638949302 solves 986
topology 2 refine 3 0.18553027199200806 solves 993
topology 2 refine 4 0.1855302717065743 solves 1000
topology 2 refine 5 0.1855302716880166 solves 1007
topology 2 before birth 0.1855302716880166 solves 1093
topology 2 BIRTH accepted 9.219487928428832e-05 solves 1093
topology 3 refine 0 9.219487928428832e-05 solves 1106
topology 3 refine 1 9.219483217614267e-05 solves 1119
stage 4 iteration 0 loss 0.008876400385913707 solves 288
stage 4 iteration 1 loss 0.0020039080952531396 solves 572
stage 4 iteration 2 loss 0.0006153103026089923 solves 856
stage 4 iteration 3 loss 0.000573784222809392 solves 1140
stage 4 iteration 4 loss 0.00016680492547074618 solves 1420
stage 4 iteration 5 loss 2.9606324014827244e-05 solves 1700
stage 4 iteration 6 loss 2.868373270873074e-05 solves 1992
stage 4 iteration 7 loss 2.7968011948892787e-05 solves 2284
stage 4 iteration 8 loss 2.7359963086030888e-05 solves 2576
stage 4 iteration 9 loss 2.6812858620465312e-05 solves 2868
stage 4 iteration 10 loss 2.6306543730333793e-05 solves 3160
stage 4 iteration 11 loss 2.583350438981132e-05 solves 3452
stage 4 iteration 12 loss 2.5787994700302888e-05 solves 3740
stage 4 iteration 13 loss 2.5452858522870785e-05 solves 4028
stage 4 iteration 14 loss 2.4942268834990516e-05 solves 4316
stage 4 iteration 15 loss 2.4377498890211945e-05 solves 4604
stage 4 iteration 16 loss 2.3835158874705578e-05 solves 4892
stage 4 iteration 17 loss 2.335240424504143e-05 solves 5180
stage 4 iteration 18 loss 2.2941149801918875e-05 solves 5468
stage 4 iteration 19 loss 2.2599667381675705e-05 solves 5756
stage 4 iteration 20 loss 2.2320053885236032e-05 solves 6044
stage 4 iteration 21 loss 2.2092473180469577e-05 solves 6332
stage 4 iteration 22 loss 2.1907314468580383e-05 solves 6620
{"status": "COMPLETED_SCHEDULE", "fresh_recovery_pass": false, "total_attempted_frequency_calls": 8247, "completed_frequency_solves": 8180, "geometry_refused_calls": 67}
