topology 0 refine 0 0.9806195305043146 solves 4
topology 0 refine 1 0.9535569865971343 solves 8
topology 0 refine 2 0.9503765528633196 solves 12
topology 0 refine 3 0.9499348206931681 solves 16
topology 0 refine 4 0.9498586652229407 solves 20
topology 0 refine 5 0.9498373163551843 solves 24
topology 0 refine 6 0.949826043424886 solves 28
topology 0 refine 7 0.9498176538121628 solves 32
topology 0 refine 8 0.9498106548373493 solves 36
topology 0 refine 9 0.9498045551610006 solves 40
topology 0 refine 10 0.9497991088931419 solves 44
topology 0 refine 11 0.9497941658285236 solves 48
topology 0 refine 12 0.9497896270908839 solves 52
topology 0 refine 13 0.9497854251217451 solves 56
topology 0 refine 14 0.9497815123282278 solves 60
topology 0 refine 15 0.949777854080824 solves 64
topology 0 refine 16 0.9497744242728517 solves 68
topology 0 refine 17 0.949771202475432 solves 72
topology 0 refine 18 0.9497681721052168 solves 76
topology 0 refine 19 0.9497653192395781 solves 80
topology 0 refine 20 0.9497626318466217 solves 84
topology 0 refine 21 0.9497600992815838 solves 88
topology 0 refine 22 0.9497577119544265 solves 92
topology 0 before death 0.9497577119544265 solves 171
topology 0 DEATH accepted 0.5000000000000001 solves 171
topology 1 empty_domain 0.5000000000000001 solves 171
topology 1 before birth 0.5000000000000001 solves 223
topology 1 BIRTH accepted 0.2504570657119081 solves 223
topology 2 refine 0 0.2504570657119081 solves 227
topology 2 refine 1 0.2504252673281221 solves 231
topology 2 refine 2 0.25042324208828903 solves 235
topology 2 refine 3 0.25042310315728256 solves 239
topology 2 refine 4 0.25042309343569624 solves 243
topology 2 refine 5 0.25042309274845964 solves 247
topology 2 refine 6 0.2504230926995064 solves 251
topology 2 before birth 0.2504230926995064 solves 307
topology 2 BIRTH accepted 0.0004521096645880007 solves 307
topology 3 refine 0 0.0004521096645880007 solves 311
topology 3 refine 1 0.00045206031004543703 solves 315
topology 3 refine 2 0.0004520601086220339 solves 319
topology 3 promote 0 0.0004520601086220339 solves 467
topology 3 promote 1 0.00044690989455673023 solves 471
topology 3 promote 2 0.0004466888597860657 solves 475
topology 3 promote 3 0.0004466793474190027 solves 479
topology 3 promote 4 0.0004466789360615737 solves 483
topology 3 promote 5 0.00044667891819722376 solves 487
topology 3 before promotion 0.0004520601086220339 solves 489
topology 3 PROMOTION accepted 0.00044667891819722376 solves 489
topology 4 refine 0 0.00044667891819722376 solves 493
topology 4 refine 1 0.00044667891741907083 solves 497
topology 4 promote 0 0.00044667891741907083 solves 639
topology 4 promote 1 0.0004465539360371341 solves 643
topology 4 promote 2 0.0004465430557245799 solves 647
topology 4 promote 3 0.00044654182415613744 solves 651
topology 4 promote 4 0.0004465416662448878 solves 655
topology 4 promote 5 0.00044654164500009636 solves 659
topology 4 before promotion 0.00044667891741907083 solves 661
topology 4 PROMOTION accepted 0.00044654164500009636 solves 661
topology 5 refine 0 0.00044654164500009636 solves 665
topology 5 refine 1 0.00044654164209541856 solves 669
topology 5 promote 0 0.00044654164209541856 solves 813
topology 5 promote 1 0.00026207833399028433 solves 817
topology 5 promote 2 0.0002478460858079855 solves 821
topology 5 promote 3 0.00024741882716305784 solves 825
topology 5 promote 4 0.00024739723966351506 solves 829
topology 5 promote 5 0.00024739612406925296 solves 833
topology 5 promote 6 0.00024739606426483205 solves 837
topology 5 before promotion 0.00044654164209541856 solves 839
topology 5 PROMOTION accepted 0.00024739606426483205 solves 839
topology 6 refine 0 0.00024739606426483205 solves 843
topology 6 refine 1 0.00024739606083088914 solves 847
topology 6 promote 0 0.00024739606083088914 solves 985
topology 6 promote 1 0.0002104708227875778 solves 989
topology 6 promote 2 0.0001471214611905476 solves 993
topology 6 promote 3 0.0001385199163997182 solves 997
topology 6 promote 4 0.0001369238188560412 solves 1001
topology 6 promote 5 0.00013420404313572561 solves 1005
topology 6 promote 6 0.00012722543194568274 solves 1009
topology 6 promote 7 0.00011561909661587634 solves 1013
topology 6 promote 8 0.00010587187122071717 solves 1017
topology 6 promote 9 0.00010160055734164959 solves 1021
topology 6 promote 10 0.00010022857448536513 solves 1025
topology 6 promote 11 9.979034988201825e-05 solves 1029
topology 6 promote 12 9.96501674908423e-05 solves 1033
topology 6 promote 13 9.960586537062651e-05 solves 1037
topology 6 promote 14 9.959201551002887e-05 solves 1041
topology 6 promote 15 9.958771660504767e-05 solves 1045
topology 6 promote 16 9.95863879599557e-05 solves 1049
topology 6 promote 17 9.958597833213837e-05 solves 1053
topology 6 promote 18 9.958585221755725e-05 solves 1057
topology 6 promote 19 9.958581342012191e-05 solves 1061
topology 6 before promotion 0.00024739606083088914 solves 1063
topology 6 PROMOTION accepted 9.958581342012191e-05 solves 1063
topology 7 refine 0 9.958581342012191e-05 solves 1067
topology 7 refine 1 9.958580151891565e-05 solves 1071
topology 7 promote 0 9.958580151891565e-05 solves 1225
topology 7 promote 1 9.05086902406618e-05 solves 1231
topology 7 promote 2 8.968818696019842e-05 solves 1235
topology 7 promote 3 8.344714341347682e-05 solves 1239
topology 7 promote 4 8.340938408859794e-05 solves 1243
topology 7 promote 5 8.340614251446732e-05 solves 1247
topology 7 promote 6 8.340523084374496e-05 solves 1251
topology 7 promote 7 8.340493714575472e-05 solves 1255
topology 7 promote 8 8.34048350162834e-05 solves 1259
topology 7 promote 9 8.340479712128524e-05 solves 1263
topology 7 before promotion 9.958580151891565e-05 solves 1265
topology 7 PROMOTION accepted 8.340479712128524e-05 solves 1265
topology 8 refine 0 8.340479712128524e-05 solves 1269
topology 8 refine 1 8.340478215907961e-05 solves 1273
topology 8 promote 0 8.340478215907961e-05 solves 1403
topology 8 promote 1 6.589750657168626e-05 solves 1409
topology 8 promote 2 4.78493197471675e-05 solves 1415
topology 8 promote 3 3.403077012222184e-05 solves 1421
topology 8 promote 4 1.505315970373391e-05 solves 1425
topology 8 promote 5 4.2102564306954664e-06 solves 1429
topology 8 promote 6 4.197651583827761e-06 solves 1433
topology 8 promote 7 4.1976293891370135e-06 solves 1437
topology 8 before promotion 8.340478215907961e-05 solves 1439
topology 8 PROMOTION accepted 4.1976293891370135e-06 solves 1439
topology 9 refine 0 4.1976293891370135e-06 solves 1443
topology 9 refine 1 4.197624159950219e-06 solves 1447
{"scene": "far-two-stars", "status": "TOPOLOGY_COMPLETE", "geometry": {"component_count": 2, "truth_component_count": 2, "matched_components": [{"recovered_component": "t002.birth", "truth_component": "truth.star7", "hausdorff_m": 0.011059804076340992}, {"recovered_component": "t003.birth", "truth_component": "truth.star5", "hausdorff_m": 0.002137783917882127}], "maximum_matched_hausdorff_m": 0.011059804076340992, "union_iou": 0.8176550783912747, "final_maximum_modes": [6, 6]}, "topology_seconds": 372.8666785740061, "continuation_feasible": true}
