merge H: cycle=0 refine 0 M=1 J=0.463905
merge H: cycle=0 refine 1 M=1 J=0.391381
merge H: cycle=0 refine 2 M=1 J=0.348964
merge H: cycle=0 refine 3 M=1 J=0.331411
merge H: cycle=0 refine 4 M=1 J=0.32062
merge H: cycle=0 refine 5 M=1 J=0.314621
merge H: cycle=0 refine 6 M=1 J=0.312084
merge H: cycle=0 refine 7 M=1 J=0.311231
merge H: cycle=0 refine 8 M=1 J=0.31098
merge H: cycle=0 refine 9 M=1 J=0.31091
merge H: cycle=0 refine 10 M=1 J=0.310891
merge H: cycle=0 refine 11 M=1 J=0.310887
merge H: cycle=0 refine 12 M=1 J=0.310885
merge H: cycle=0 refine 13 M=1 J=0.310885
merge H: cycle=0 refine 14 M=1 J=0.310885
merge H: cycle=0 refine 15 M=1 J=0.310885
merge H: cycle=0 refine 16 M=1 J=0.310885
merge H: cycle=0 refine 17 M=1 J=0.310885
merge H: cycle=0 refine 18 M=1 J=0.310885
merge H: cycle=0 refine 19 M=1 J=0.310885
merge H: cycle=0 refine 20 M=1 J=0.310885
merge H: cycle=0 before birth M=1 J=0.310885
merge H: cycle=0 BIRTH accepted M=2 J=0.194181
merge H: cycle=1 refine 0 M=2 J=0.194181
merge H: cycle=1 refine 1 M=2 J=0.193935
merge H: cycle=1 refine 2 M=2 J=0.193935
merge H: cycle=1 before merge M=2 J=0.193935
merge H: cycle=1 MERGE accepted M=1 J=0.00847184
merge H: cycle=2 refine 0 M=1 J=0.00847184
merge H: cycle=2 refine 1 M=1 J=0.000679131
merge H: cycle=2 refine 2 M=1 J=6.11649e-05
merge H: cycle=2 refine 3 M=1 J=3.2496e-06
merge H: cycle=2 refine 4 M=1 J=2.43475e-07
merge H: cycle=2 refine 5 M=1 J=2.84045e-08
merge H: cycle=2 refine 6 M=1 J=5.53205e-09
merge H: cycle=2 refine 7 M=1 J=5.49337e-09
{"scene": "merge", "arm": "H", "completed": true, "passed": false, "stop": "recovered", "gates": {"correct_count": true, "boundary": true, "overlap": true, "training": true, "holdout": false, "monotone_accepted_states": true, "all_event_margins_pass": true}}
