repeated-birth H: cycle=0 component_radius_floor M=2 J=0.443693
repeated-birth H: cycle=0 before death M=2 J=0.443693
repeated-birth H: cycle=0 DEATH accepted M=1 J=0.273256
repeated-birth H: cycle=1 refine 0 M=1 J=0.273256
repeated-birth H: cycle=1 refine 1 M=1 J=0.271756
repeated-birth H: cycle=1 refine 2 M=1 J=0.271731
repeated-birth H: cycle=1 refine 3 M=1 J=0.27173
repeated-birth H: cycle=1 refine 4 M=1 J=0.27173
repeated-birth H: cycle=1 refine 5 M=1 J=0.27173
repeated-birth H: cycle=1 before birth M=1 J=0.27173
repeated-birth H: cycle=1 BIRTH accepted M=2 J=0.0973623
repeated-birth H: cycle=2 refine 0 M=2 J=0.0973623
repeated-birth H: cycle=2 refine 1 M=2 J=0.0973617
repeated-birth H: cycle=2 refine 2 M=2 J=0.0973616
repeated-birth H: cycle=2 refine 3 M=2 J=0.0973616
repeated-birth H: cycle=2 refine 4 M=2 J=0.0973616
repeated-birth H: cycle=2 refine 5 M=2 J=0.0973616
repeated-birth H: cycle=2 before birth M=2 J=0.0973616
repeated-birth H: cycle=2 BIRTH accepted M=3 J=2.33517e-11
repeated-birth H: cycle=3 refine 0 M=3 J=2.33517e-11
{"scene": "repeated-birth", "arm": "H", "completed": true, "passed": true, "stop": "recovered", "gates": {"correct_count": true, "boundary": true, "overlap": true, "training": true, "holdout": true, "monotone_accepted_states": true, "all_event_margins_pass": true}}
