topology 0 refine 0 0.6418665763813494 solves 4
topology 0 refine 1 0.5035655822124523 solves 8
topology 0 refine 2 0.4470281166027958 solves 12
topology 0 refine 3 0.4204442751912975 solves 16
topology 0 refine 4 0.40742182772121277 solves 20
topology 0 refine 5 0.40418261230262603 solves 24
topology 0 before split 0.40418261230262603 solves 178
topology 0 SPLIT accepted 0.08787600934168151 solves 178
topology 1 refine 0 0.08787600934168151 solves 182
topology 1 refine 1 0.08533420523334115 solves 186
topology 1 refine 2 0.0840911832163318 solves 190
topology 1 refine 3 0.082963137326832 solves 194
topology 1 refine 4 0.07548314399271289 solves 198
topology 1 refine 5 0.04153571766262151 solves 202
topology 1 refine 6 0.03389936928919186 solves 206
topology 1 refine 7 0.0266992140170215 solves 210
topology 1 refine 8 0.025906982277919603 solves 214
topology 1 refine 9 0.025168959180934064 solves 218
topology 1 refine 10 0.020347394616478266 solves 222
topology 1 refine 11 0.019761799892758204 solves 226
topology 1 refine 12 0.019464490240066787 solves 230
topology 1 refine 13 0.017938315293858212 solves 234
topology 1 refine 14 0.01746574421004221 solves 238
topology 1 refine 15 0.01721009894221706 solves 242
topology 1 refine 16 0.017100953915286654 solves 246
topology 1 refine 17 0.017050815983947372 solves 250
topology 1 refine 18 0.017046707893093333 solves 254
topology 1 refine 19 0.01704601965797596 solves 258
topology 1 before death 0.01704601965797596 solves 390
topology 1 DEATH accepted 7.458775585389738e-18 solves 390
topology 2 refine 0 7.458775585389738e-18 solves 394
{"scene": "mixed", "status": "TOPOLOGY_COMPLETE", "geometry": {"component_count": 2, "truth_component_count": 2, "matched_components": [{"recovered_component": "t001.split1", "truth_component": "truth.B", "hausdorff_m": 1.2578866282681764e-10}, {"recovered_component": "t001.split2", "truth_component": "truth.A", "hausdorff_m": 1.76842837806987e-10}], "maximum_matched_hausdorff_m": 1.76842837806987e-10, "union_iou": 0.9986803035301881, "final_maximum_modes": [3, 3]}, "topology_seconds": 158.6918297279626, "continuation_feasible": true}
