topology 0 refine 0 1.0803421019514963 solves 4
topology 0 refine 1 1.0307941404629897 solves 8
topology 0 refine 2 0.8840987273486778 solves 12
topology 0 refine 3 0.6664272148428518 solves 16
topology 0 refine 4 0.5844792543957372 solves 20
topology 0 refine 5 0.58349849176177 solves 24
topology 0 before birth 0.58349849176177 solves 98
topology 0 BIRTH accepted 0.38942493236394893 solves 98
topology 1 refine 0 0.38942493236394893 solves 102
topology 1 before birth 0.38942493236394893 solves 192
topology 1 BIRTH accepted 0.23557063792837335 solves 192
topology 2 refine 0 0.23557063792837335 solves 196
topology 2 before death 0.23557063792837335 solves 344
topology 2 DEATH accepted 0.00097184808673678 solves 344
topology 3 refine 0 0.00097184808673678 solves 348
topology 3 refine 1 0.0009711274660894188 solves 352
topology 3 refine 2 0.0009711198679682649 solves 356
topology 3 refine 3 0.000971119781751405 solves 360
topology 3 promote 0 0.000971119781751405 solves 528
topology 3 promote 1 0.000953398419275806 solves 532
topology 3 promote 2 0.0009533496598238153 solves 536
topology 3 promote 3 0.0009533492796962183 solves 540
topology 3 promote 4 0.0009533492756590825 solves 544
topology 3 before promotion 0.000971119781751405 solves 546
topology 3 PROMOTION accepted 0.0009533492756590825 solves 546
topology 4 refine 0 0.0009533492756590825 solves 550
topology 4 promote 0 0.0009533492756590825 solves 698
topology 4 promote 1 0.0009488699715159946 solves 702
topology 4 promote 2 0.0009485870665182191 solves 706
topology 4 promote 3 0.0009485684294402284 solves 710
topology 4 promote 4 0.0009485671648756652 solves 714
topology 4 promote 5 0.0009485670773150234 solves 718
topology 4 before promotion 0.0009533492756590825 solves 720
topology 4 PROMOTION accepted 0.0009485670773150234 solves 720
topology 5 refine 0 0.0009485670773150234 solves 724
topology 5 refine 1 0.0009485670711753795 solves 728
topology 5 promote 0 0.0009485670711753795 solves 900
topology 5 promote 1 0.0009113769820846874 solves 904
topology 5 promote 2 0.0009097211298308352 solves 908
topology 5 promote 3 0.000909668822469664 solves 912
topology 5 promote 4 0.0009096658249031031 solves 916
topology 5 promote 5 0.0009096655947853488 solves 920
topology 5 promote 6 0.000909665574565017 solves 924
topology 5 before promotion 0.0009485670711753795 solves 926
topology 5 PROMOTION accepted 0.000909665574565017 solves 926
topology 6 refine 0 0.000909665574565017 solves 930
topology 6 refine 1 0.0009096655726626099 solves 934
topology 6 promote 0 0.0009096655726626099 solves 1114
topology 6 promote 1 0.0008892265730069779 solves 1118
topology 6 promote 2 0.00081790711343777 solves 1122
topology 6 promote 3 0.0007186848519595351 solves 1126
topology 6 promote 4 0.0006889628505201815 solves 1130
topology 6 promote 5 0.0006858856003113109 solves 1134
topology 6 promote 6 0.0006856368594606852 solves 1138
topology 6 promote 7 0.0006856148113357579 solves 1142
topology 6 promote 8 0.0006856112227133836 solves 1146
topology 6 promote 9 0.00068560987205087 solves 1150
topology 6 promote 10 0.0006856091738304847 solves 1154
topology 6 promote 11 0.0006856087926746023 solves 1158
topology 6 promote 12 0.0006856085830447156 solves 1162
topology 6 promote 13 0.0006856084676404278 solves 1166
topology 6 promote 14 0.0006856084041023515 solves 1170
topology 6 before promotion 0.0009096655726626099 solves 1172
topology 6 PROMOTION accepted 0.0006856084041023515 solves 1172
topology 7 refine 0 0.0006856084041023515 solves 1176
topology 7 refine 1 0.0006856083691785938 solves 1180
topology 7 promote 0 0.0006856083691785938 solves 1332
topology 7 promote 1 0.0006790261458505457 solves 1338
topology 7 promote 2 0.0006669802056900067 solves 1342
topology 7 promote 3 0.00066667930327714 solves 1348
topology 7 promote 4 0.0006666508333951147 solves 1352
topology 7 promote 5 0.0006665377335987004 solves 1358
topology 7 promote 6 0.0006664896735221192 solves 1364
topology 7 promote 7 0.0006664768979297218 solves 1368
topology 7 promote 8 0.0006664425560377747 solves 1374
topology 7 promote 9 0.0006664264840222106 solves 1380
topology 7 promote 10 0.0006664177093200583 solves 1384
topology 7 promote 11 0.0006664053772618959 solves 1390
topology 7 promote 12 0.0006664048740095479 solves 1394
topology 7 promote 13 0.0006663937806398902 solves 1400
topology 7 promote 14 0.0006663888264040494 solves 1406
topology 7 promote 15 0.0006663874888283275 solves 1410
topology 7 promote 16 0.0006663832719354901 solves 1416
topology 7 promote 17 0.0006663812466205473 solves 1422
topology 7 promote 18 0.0006663802756605406 solves 1426
topology 7 promote 19 0.0006663786164462822 solves 1432
topology 7 promote 20 0.0006663777475354667 solves 1438
topology 7 promote 21 0.0006663771765184629 solves 1442
topology 7 promote 22 0.0006663764961919256 solves 1448
topology 7 before promotion 0.0006856083691785938 solves 1450
topology 7 PROMOTION accepted 0.0006663764961919256 solves 1450
topology 8 refine 0 0.0006663764961919256 solves 1454
topology 8 refine 1 0.0006663763191507212 solves 1458
topology 8 refine 2 0.0006663757536271272 solves 1464
topology 8 refine 3 0.0006663755029134904 solves 1470
topology 8 refine 4 0.0006663753694367309 solves 1474
topology 8 refine 5 0.0006663751693353614 solves 1480
topology 8 refine 6 0.000666375061983277 solves 1486
topology 8 refine 7 0.0006663749867930188 solves 1490
topology 8 promote 0 0.0006663749867930188 solves 1612
topology 8 promote 1 0.0004566017782363736 solves 1618
topology 8 promote 2 0.00017773346297759418 solves 1624
topology 8 promote 3 2.500910780232088e-05 solves 1628
topology 8 promote 4 8.209368827739261e-07 solves 1632
topology 8 promote 5 4.2061394757629925e-08 solves 1636
topology 8 promote 6 1.1100495646495054e-08 solves 1640
topology 8 promote 7 1.0631563236691557e-08 solves 1644
topology 8 promote 8 1.06217088843787e-08 solves 1648
topology 8 before promotion 0.0006663749867930188 solves 1650
topology 8 PROMOTION accepted 1.06217088843787e-08 solves 1650
topology 9 refine 0 1.06217088843787e-08 solves 1654
topology 9 refine 1 1.0621356129433059e-08 solves 1658
{"scene": "central-ellipse-star", "status": "TOPOLOGY_COMPLETE", "geometry": {"component_count": 2, "truth_component_count": 2, "matched_components": [{"recovered_component": "t001.birth", "truth_component": "truth.ellipse", "hausdorff_m": 0.0006412724797923431}, {"recovered_component": "t002.birth", "truth_component": "truth.star", "hausdorff_m": 2.602315854139915e-05}], "maximum_matched_hausdorff_m": 0.0006412724797923431, "union_iou": 0.9925820256776035, "final_maximum_modes": [6, 6]}, "topology_seconds": 493.3933227059897, "continuation_feasible": true}
