topology 0 refine 0 0.8770533397347107 solves 4
topology 0 refine 1 0.8399005921618408 solves 8
topology 0 refine 2 0.835300517664711 solves 12
topology 0 refine 3 0.8343766340155107 solves 16
topology 0 refine 4 0.8340201687990483 solves 20
topology 0 refine 5 0.8338134618866376 solves 24
topology 0 refine 6 0.8336764302080539 solves 28
topology 0 refine 7 0.8335822537755351 solves 32
topology 0 refine 8 0.8335166526268146 solves 36
topology 0 refine 9 0.8334704737276788 solves 40
topology 0 refine 10 0.8334375579483251 solves 44
topology 0 refine 11 0.8334137188261269 solves 48
topology 0 refine 12 0.8333961077072336 solves 52
topology 0 refine 13 0.8333827873767415 solves 56
topology 0 refine 14 0.8333724410520917 solves 60
topology 0 refine 15 0.8333641735916875 solves 64
topology 0 refine 16 0.8333573759939968 solves 68
topology 0 refine 17 0.8333516332502617 solves 72
topology 0 refine 18 0.8333466617954454 solves 76
topology 0 refine 19 0.833342267108296 solves 80
topology 0 refine 20 0.8333383149978797 solves 84
topology 0 refine 21 0.8333347121720408 solves 88
topology 0 refine 22 0.8333313930933558 solves 92
topology 0 before death 0.8333313930933558 solves 162
topology 0 DEATH accepted 0.5000000000000001 solves 162
topology 1 empty_domain 0.5000000000000001 solves 162
topology 1 before birth 0.5000000000000001 solves 214
topology 1 BIRTH accepted 0.22801162710611989 solves 214
topology 2 refine 0 0.22801162710611989 solves 218
topology 2 refine 1 0.22794630325825116 solves 222
topology 2 refine 2 0.22794340330365098 solves 226
topology 2 refine 3 0.22794327944233914 solves 230
topology 2 refine 4 0.22794327404298742 solves 234
topology 2 refine 5 0.22794327380549598 solves 238
topology 2 refine 6 0.22794327379498064 solves 242
topology 2 before birth 0.22794327379498064 solves 300
topology 2 BIRTH accepted 2.9906348960420554e-10 solves 300
topology 3 refine 0 2.9906348960420554e-10 solves 304
topology 3 refine 1 4.3965572989617664e-16 solves 308
{"scene": "far-two-circles", "status": "TOPOLOGY_COMPLETE", "geometry": {"component_count": 2, "truth_component_count": 2, "matched_components": [{"recovered_component": "t002.birth", "truth_component": "truth.B", "hausdorff_m": 9.684771570642453e-10}, {"recovered_component": "t003.birth", "truth_component": "truth.A", "hausdorff_m": 1.1349100517927839e-09}], "maximum_matched_hausdorff_m": 1.1349100517927839e-09, "union_iou": 1.0, "final_maximum_modes": [3, 3]}, "topology_seconds": 43.90345836698543, "continuation_feasible": true}
