topology 0 refine 0 1.0538605918322257 solves 2
topology 0 refine 1 0.45417697403029667 solves 4
topology 0 refine 2 0.4112089909521354 solves 6
topology 0 refine 3 0.39072081698118555 solves 8
topology 0 refine 4 0.3813049497165706 solves 10
topology 0 refine 5 0.37724542630052266 solves 12
topology 0 refine 6 0.37546563937916655 solves 14
topology 0 refine 7 0.3746484197627961 solves 16
topology 0 refine 8 0.3742390578144225 solves 18
topology 0 refine 9 0.374009060798976 solves 20
topology 0 refine 10 0.37386412984229234 solves 22
topology 0 refine 11 0.3737644318823735 solves 24
topology 0 refine 12 0.37369205255545446 solves 26
topology 0 refine 13 0.3736380090106365 solves 28
topology 0 refine 14 0.3735971391564389 solves 30
topology 0 refine 15 0.37356608444487116 solves 32
topology 0 refine 16 0.37354246534608 solves 34
topology 0 refine 17 0.3735245148301419 solves 36
topology 0 refine 18 0.37351089169495194 solves 38
topology 0 refine 19 0.37350056936314396 solves 40
topology 0 refine 20 0.3734927605438061 solves 42
topology 0 refine 21 0.37348686199929815 solves 44
topology 0 refine 22 0.3734824124544307 solves 46
topology 0 before birth 0.3734824124544307 solves 82
topology 0 BIRTH accepted 0.35841054634764824 solves 82
topology 1 refine 0 0.35841054634764824 solves 84
topology 1 refine 1 0.35758703379817247 solves 87
topology 1 refine 2 0.35740974698758154 solves 89
topology 1 refine 3 0.35730887885901735 solves 91
topology 1 refine 4 0.3572658574627746 solves 93
topology 1 refine 5 0.35707026863678115 solves 96
topology 1 refine 6 0.3570086562633974 solves 98
topology 1 refine 7 0.35696801633748404 solves 100
topology 1 refine 8 0.3569441011449084 solves 102
topology 1 refine 9 0.3569374583528692 solves 104
topology 1 refine 10 0.356889781828245 solves 107
topology 1 refine 11 0.35687654160546384 solves 109
topology 1 refine 12 0.3568678350159533 solves 111
topology 1 refine 13 0.3568627539552599 solves 113
topology 1 refine 14 0.35686078993085324 solves 115
topology 1 refine 15 0.3568523563553646 solves 118
topology 1 refine 16 0.3568497169478196 solves 120
topology 1 refine 17 0.35684798949703295 solves 122
topology 1 refine 18 0.35684696237009905 solves 124
topology 1 refine 19 0.3568465445709195 solves 126
topology 1 refine 20 0.3568450099884086 solves 129
topology 1 refine 21 0.3568444965440808 solves 131
topology 1 refine 22 0.3568441581301709 solves 133
topology 1 before birth 0.3568441581301709 solves 179
topology 1 BIRTH accepted 0.32738243477931883 solves 179
topology 2 refine 0 0.32738243477931883 solves 181
topology 2 refine 1 0.32679485348696624 solves 189
topology 2 refine 2 0.32651334016820166 solves 198
topology 2 before birth 0.32651334016820166 solves 426
topology 2 BIRTH accepted 0.30190912678760895 solves 426
topology 3 refine 0 0.30190912678760895 solves 428
topology 3 before birth 0.30190912678760895 solves 595
topology 3 BIRTH accepted 0.2857989516727078 solves 595
topology 4 refine 0 0.2857989516727078 solves 597
topology 4 before birth 0.2857989516727078 solves 752
topology 4 BIRTH accepted 0.27735341152858106 solves 752
topology 5 refine 0 0.27735341152858106 solves 754
topology 5 before birth 0.27735341152858106 solves 917
topology 5 BIRTH accepted 0.27028778670406445 solves 917
topology 6 refine 0 0.27028778670406445 solves 919
{"scene": "enclosing-ellipse-star", "status": "STOPPED", "geometry": {"component_count": 7, "truth_component_count": 2, "matched_components": [{"recovered_component": "initial.circle", "truth_component": "truth.star", "hausdorff_m": 0.14899476784339924}, {"recovered_component": "t003.birth", "truth_component": "truth.ellipse", "hausdorff_m": 0.15043494373159808}], "maximum_matched_hausdorff_m": 0.15043494373159808, "union_iou": 0.17514153910673097, "final_maximum_modes": [3, 1, 1, 1, 1, 1, 1]}, "topology_seconds": 900.0026680600131, "continuation_feasible": true}
