topology 0 refine 0 0.8457618519314252 solves 4
topology 0 refine 1 0.7415610706082831 solves 8
topology 0 refine 2 0.738163820288898 solves 12
topology 0 refine 3 0.7375146220631985 solves 16
topology 0 refine 4 0.7369613916054214 solves 20
topology 0 refine 5 0.7364096065112689 solves 24
topology 0 refine 6 0.7358325642006548 solves 28
topology 0 refine 7 0.7352185844790435 solves 32
topology 0 refine 8 0.7345613267319975 solves 36
topology 0 refine 9 0.733856163434671 solves 40
topology 0 refine 10 0.7330986491988261 solves 44
topology 0 refine 11 0.7322837558050377 solves 48
topology 0 refine 12 0.7314053741763276 solves 52
topology 0 refine 13 0.7304558840716228 solves 56
topology 0 refine 14 0.729425702342255 solves 60
topology 0 refine 15 0.7283027608435386 solves 64
topology 0 refine 16 0.7270718798801559 solves 68
topology 0 refine 17 0.7257140107221827 solves 72
topology 0 refine 18 0.7242053318529729 solves 76
topology 0 refine 19 0.7225162090964874 solves 80
topology 0 refine 20 0.7206100859929848 solves 84
topology 0 refine 21 0.7184424843769259 solves 88
topology 0 refine 22 0.7159605064959521 solves 92
topology 0 before death 0.7159605064959521 solves 132
topology 0 DEATH accepted 0.5 solves 132
topology 1 empty_domain 0.5 solves 132
topology 1 before birth 0.5 solves 172
topology 1 BIRTH accepted 0.24156898106083102 solves 172
topology 2 refine 0 0.24156898106083102 solves 176
topology 2 refine 1 0.24156782278168618 solves 180
topology 2 refine 2 0.2415677808253308 solves 184
topology 2 refine 3 0.24156777921418843 solves 188
topology 2 refine 4 0.2415677791502038 solves 192
topology 2 before birth 0.2415677791502038 solves 228
topology 2 BIRTH accepted 0.0009726677118299268 solves 228
topology 3 refine 0 0.0009726677118299268 solves 232
topology 3 refine 1 0.0009711375008522865 solves 236
topology 3 refine 2 0.0009711199830528909 solves 240
topology 3 refine 3 0.0009711197830654376 solves 244
topology 3 promote 0 0.0009711197830654376 solves 412
topology 3 promote 1 0.000953398405128772 solves 416
topology 3 promote 2 0.0009533496596261584 solves 420
topology 3 promote 3 0.0009533492796936934 solves 424
topology 3 promote 4 0.0009533492756589629 solves 428
topology 3 before promotion 0.0009711197830654376 solves 430
topology 3 PROMOTION accepted 0.0009533492756589629 solves 430
topology 4 refine 0 0.0009533492756589629 solves 434
topology 4 promote 0 0.0009533492756589629 solves 582
topology 4 promote 1 0.0009488699715163828 solves 586
topology 4 promote 2 0.000948587066518214 solves 590
topology 4 promote 3 0.0009485684294401277 solves 594
topology 4 promote 4 0.0009485671648755435 solves 598
topology 4 promote 5 0.0009485670773150232 solves 602
topology 4 before promotion 0.0009533492756589629 solves 604
topology 4 PROMOTION accepted 0.0009485670773150232 solves 604
topology 5 refine 0 0.0009485670773150232 solves 608
topology 5 refine 1 0.000948567071175439 solves 612
topology 5 promote 0 0.000948567071175439 solves 784
topology 5 promote 1 0.0009113769820847593 solves 788
topology 5 promote 2 0.0009097211298308194 solves 792
topology 5 promote 3 0.0009096688224695334 solves 796
topology 5 promote 4 0.000909665824903011 solves 800
topology 5 promote 5 0.0009096655947852391 solves 804
topology 5 promote 6 0.0009096655745650314 solves 808
topology 5 before promotion 0.000948567071175439 solves 810
topology 5 PROMOTION accepted 0.0009096655745650314 solves 810
topology 6 refine 0 0.0009096655745650314 solves 814
topology 6 refine 1 0.0009096655726626222 solves 818
topology 6 promote 0 0.0009096655726626222 solves 998
topology 6 promote 1 0.0008892265730069595 solves 1002
topology 6 promote 2 0.0008179071134377508 solves 1006
topology 6 promote 3 0.000718684851959397 solves 1010
topology 6 promote 4 0.0006889628505201535 solves 1014
topology 6 promote 5 0.0006858856003112715 solves 1018
topology 6 promote 6 0.0006856368594607803 solves 1022
topology 6 promote 7 0.0006856148113357593 solves 1026
topology 6 promote 8 0.0006856112227133403 solves 1030
topology 6 promote 9 0.0006856098720508541 solves 1034
topology 6 promote 10 0.0006856091738305157 solves 1038
topology 6 promote 11 0.000685608792674618 solves 1042
topology 6 promote 12 0.0006856085830446541 solves 1046
topology 6 promote 13 0.0006856084676405635 solves 1050
topology 6 promote 14 0.0006856084041022987 solves 1054
topology 6 before promotion 0.0009096655726626222 solves 1056
topology 6 PROMOTION accepted 0.0006856084041022987 solves 1056
topology 7 refine 0 0.0006856084041022987 solves 1060
topology 7 refine 1 0.0006856083691785448 solves 1064
topology 7 promote 0 0.0006856083691785448 solves 1216
topology 7 promote 1 0.0006790261458505926 solves 1222
topology 7 promote 2 0.0006669802056899838 solves 1226
topology 7 promote 3 0.0006666793032770467 solves 1232
topology 7 promote 4 0.0006666508333951502 solves 1236
topology 7 promote 5 0.000666537733598696 solves 1242
topology 7 promote 6 0.0006664896735222428 solves 1248
topology 7 promote 7 0.000666476897929605 solves 1252
topology 7 promote 8 0.0006664425560376309 solves 1258
topology 7 promote 9 0.0006664264840221901 solves 1264
topology 7 promote 10 0.0006664177093199641 solves 1268
topology 7 promote 11 0.0006664053772619022 solves 1274
topology 7 promote 12 0.000666404874009508 solves 1278
topology 7 promote 13 0.0006663937806398465 solves 1284
topology 7 promote 14 0.0006663888264041037 solves 1290
topology 7 promote 15 0.0006663874888283087 solves 1294
topology 7 promote 16 0.0006663832719354467 solves 1300
topology 7 promote 17 0.0006663812466204944 solves 1306
topology 7 promote 18 0.0006663802756605059 solves 1310
topology 7 promote 19 0.0006663786164462507 solves 1316
topology 7 promote 20 0.000666377747535479 solves 1322
topology 7 promote 21 0.00066637717651858 solves 1326
topology 7 promote 22 0.0006663764961918842 solves 1332
topology 7 before promotion 0.0006856083691785448 solves 1334
topology 7 PROMOTION accepted 0.0006663764961918842 solves 1334
topology 8 refine 0 0.0006663764961918842 solves 1338
topology 8 refine 1 0.000666376319150725 solves 1342
topology 8 refine 2 0.000666375753627081 solves 1348
topology 8 refine 3 0.0006663755029134382 solves 1354
topology 8 refine 4 0.0006663753694366515 solves 1358
topology 8 refine 5 0.0006663751693354196 solves 1364
topology 8 refine 6 0.0006663750619832952 solves 1370
topology 8 refine 7 0.000666374986793079 solves 1374
topology 8 promote 0 0.000666374986793079 solves 1496
topology 8 promote 1 0.00045660177823639514 solves 1502
topology 8 promote 2 0.0001777334629774807 solves 1508
topology 8 promote 3 2.5009107802267378e-05 solves 1512
topology 8 promote 4 8.209368827761967e-07 solves 1516
topology 8 promote 5 4.206139475697323e-08 solves 1520
topology 8 promote 6 1.1100495646137156e-08 solves 1524
topology 8 promote 7 1.063156323706571e-08 solves 1528
topology 8 promote 8 1.0621708884995987e-08 solves 1532
topology 8 before promotion 0.000666374986793079 solves 1534
topology 8 PROMOTION accepted 1.0621708884995987e-08 solves 1534
topology 9 refine 0 1.0621708884995987e-08 solves 1538
topology 9 refine 1 1.0621356129360644e-08 solves 1542
{"scene": "enclosing-ellipse-star", "status": "TOPOLOGY_COMPLETE", "geometry": {"component_count": 2, "truth_component_count": 2, "matched_components": [{"recovered_component": "t002.birth", "truth_component": "truth.ellipse", "hausdorff_m": 0.0006412724797907248}, {"recovered_component": "t003.birth", "truth_component": "truth.star", "hausdorff_m": 2.602315854184259e-05}], "maximum_matched_hausdorff_m": 0.0006412724797907248, "union_iou": 0.9925820256776035, "final_maximum_modes": [6, 6]}, "topology_seconds": 441.76253580302, "continuation_feasible": true}
