topology 0 refine 0 1.2942715137111898 solves 2
topology 0 refine 1 1.0090887838953377 solves 4
topology 0 refine 2 0.6733178973276392 solves 6
topology 0 refine 3 0.534971346525384 solves 8
topology 0 refine 4 0.5007494936360983 solves 10
topology 0 refine 5 0.49319921406551726 solves 12
topology 0 refine 6 0.4909044760013678 solves 14
topology 0 refine 7 0.48989264308505587 solves 16
topology 0 refine 8 0.4892490249492541 solves 18
topology 0 refine 9 0.48877156979748926 solves 20
topology 0 refine 10 0.488394168937073 solves 22
topology 0 refine 11 0.48809187183358943 solves 24
topology 0 refine 12 0.487847739530355 solves 26
topology 0 refine 13 0.4876505896498434 solves 28
topology 0 refine 14 0.487491122899077 solves 30
topology 0 refine 15 0.48736222494905973 solves 32
topology 0 refine 16 0.4872579974962194 solves 34
topology 0 refine 17 0.48717375853218103 solves 36
topology 0 refine 18 0.48710567269215016 solves 38
topology 0 refine 19 0.48705065898877015 solves 40
topology 0 refine 20 0.48700621058484167 solves 42
topology 0 refine 21 0.4869703053965922 solves 44
topology 0 refine 22 0.4869413038327127 solves 46
topology 0 before birth 0.4869413038327127 solves 91
topology 0 BIRTH accepted 0.303684274068701 solves 91
topology 1 refine 0 0.303684274068701 solves 93
topology 1 refine 1 0.30363465252124244 solves 95
topology 1 refine 2 0.3036222578772275 solves 97
topology 1 refine 3 0.30361843032584085 solves 99
topology 1 refine 4 0.30361661555316605 solves 101
topology 1 refine 5 0.3036152953553388 solves 103
topology 1 refine 6 0.30361411506359326 solves 105
topology 1 refine 7 0.30361299099797867 solves 107
topology 1 refine 8 0.3036119028676012 solves 109
topology 1 refine 9 0.3036108452755515 solves 111
topology 1 refine 10 0.3036098163443328 solves 113
topology 1 refine 11 0.3036088150445901 solves 115
topology 1 refine 12 0.30360784056421874 solves 117
topology 1 refine 13 0.30360689215906383 solves 119
topology 1 refine 14 0.30360596911672155 solves 121
topology 1 refine 15 0.30360507074745335 solves 123
topology 1 refine 16 0.3036041963814714 solves 125
topology 1 refine 17 0.3036033453679084 solves 127
topology 1 refine 18 0.3036025170740296 solves 129
topology 1 refine 19 0.3036017108847361 solves 131
topology 1 refine 20 0.30360092620202245 solves 133
topology 1 refine 21 0.30360016244444443 solves 135
topology 1 refine 22 0.30359941904667703 solves 137
topology 1 before birth 0.30359941904667703 solves 198
topology 1 BIRTH accepted 0.1762952713754125 solves 198
topology 2 refine 0 0.1762952713754125 solves 200
topology 2 refine 1 0.1762130915528488 solves 202
topology 2 refine 2 0.1761949430738906 solves 204
topology 2 refine 3 0.17619019689567078 solves 206
topology 2 refine 4 0.17618834207805245 solves 208
topology 2 refine 5 0.17618717705546408 solves 210
topology 2 refine 6 0.17618623241994752 solves 212
topology 2 refine 7 0.17618540206116073 solves 214
topology 2 refine 8 0.17618465695990101 solves 216
topology 2 refine 9 0.17618398502723692 solves 218
topology 2 refine 10 0.17618337834875009 solves 220
topology 2 refine 11 0.17618283042154792 solves 222
topology 2 refine 12 0.17618233551335127 solves 224
topology 2 refine 13 0.17618188847899452 solves 226
topology 2 refine 14 0.17618148467954264 solves 228
topology 2 refine 15 0.17618111992783278 solves 230
topology 2 refine 16 0.17618079044327817 solves 232
topology 2 refine 17 0.17618049281203935 solves 234
topology 2 refine 18 0.17618022395130786 solves 236
topology 2 refine 19 0.17617998107710925 solves 238
topology 2 refine 20 0.1761797616752926 solves 240
topology 2 refine 21 0.17617956347524655 solves 242
topology 2 refine 22 0.1761793844263428 solves 244
topology 2 before death 0.1761793844263428 solves 319
topology 2 DEATH accepted 0.007327172012537346 solves 319
topology 3 refine 0 0.007327172012537346 solves 321
topology 3 refine 1 0.007325277452566229 solves 323
topology 3 refine 2 0.007325254693671264 solves 325
topology 3 refine 3 0.007325254409321556 solves 327
topology 3 refine 4 0.007325254405731896 solves 329
topology 3 before birth 0.007325254405731896 solves 408
topology 3 BIRTH accepted 0.002110287227144408 solves 408
topology 4 refine 0 0.002110287227144408 solves 410
topology 4 refine 1 0.0020985253595301352 solves 412
topology 4 refine 2 0.002093418368557868 solves 414
topology 4 before merge 0.002093418368557868 solves 486
topology 4 MERGE accepted 0.0020735405409587696 solves 486
topology 5 refine 0 0.0020735405409587696 solves 488
topology 5 refine 1 0.0016210937036233548 solves 490
topology 5 refine 2 0.001550435480924816 solves 492
topology 5 refine 3 0.001536359698205078 solves 494
topology 5 refine 4 0.0014509429960209083 solves 496
topology 5 refine 5 0.00017925932882188926 solves 498
topology 5 refine 6 0.00017509475714047723 solves 501
topology 5 refine 7 0.0001365625914762217 solves 511
topology 5 refine 8 0.0001277449736913525 solves 515
topology 5 refine 9 0.00012756795387029022 solves 520
topology 5 refine 10 0.00011496728271805064 solves 529
topology 5 refine 11 0.00011304583113147667 solves 540
topology 5 refine 12 0.00011059946743046859 solves 544
topology 5 refine 13 0.00010996985401767628 solves 555
topology 5 refine 14 0.0001048141014899403 solves 564
topology 5 refine 15 0.0001040503921377357 solves 570
topology 5 refine 16 0.00010389516535852842 solves 576
topology 5 refine 17 0.00010337827634850812 solves 588
topology 5 refine 18 0.00010308475879411911 solves 591
topology 5 refine 19 0.00010261054696598388 solves 603
topology 5 refine 20 0.00010184580978606181 solves 608
topology 5 refine 21 0.00010168773200632208 solves 618
topology 5 refine 22 0.00010004438273682135 solves 628
topology 5 promote 0 0.00010004438273682135 solves 678
topology 5 promote 1 9.705630279970568e-05 solves 682
topology 5 promote 2 9.562276469032079e-05 solves 694
topology 5 promote 3 6.502519816111495e-05 solves 704
topology 5 promote 4 6.186991408613026e-05 solves 708
topology 5 promote 5 5.796991493780602e-05 solves 713
topology 5 promote 6 5.753173797336726e-05 solves 719
topology 5 promote 7 5.3670570786123254e-05 solves 728
topology 5 promote 8 3.910391130450959e-05 solves 744
topology 5 promote 9 3.589208689651185e-05 solves 748
topology 5 promote 10 3.4936732674281575e-05 solves 753
topology 5 promote 11 3.4131530027248236e-05 solves 762
topology 5 promote 12 3.313435330750784e-05 solves 771
topology 5 promote 13 3.270232339973452e-05 solves 776
topology 5 promote 14 3.169068850284205e-05 solves 778
topology 5 promote 15 3.127764739329008e-05 solves 790
topology 5 promote 16 3.127318452811731e-05 solves 799
topology 5 promote 17 3.078407098928871e-05 solves 810
topology 5 promote 18 3.062261835670287e-05 solves 814
topology 5 promote 19 3.0572740765336554e-05 solves 821
topology 5 promote 20 3.057201879708574e-05 solves 837
topology 5 promote 21 3.052570494842413e-05 solves 848
topology 5 promote 22 3.0184573767913475e-05 solves 859
topology 5 before promotion 0.00010004438273682135 solves 860
topology 5 PROMOTION accepted 3.0184573767913475e-05 solves 860
topology 6 refine 0 3.0184573767913475e-05 solves 862
topology 6 refine 1 3.012095900768369e-05 solves 868
topology 6 refine 2 3.0035892551224115e-05 solves 880
topology 6 refine 3 2.998139043354576e-05 solves 886
topology 6 refine 4 2.986660233786559e-05 solves 896
topology 6 refine 5 2.9855181815443012e-05 solves 904
topology 6 refine 6 2.983121642153126e-05 solves 917
topology 6 refine 7 2.9816586860824104e-05 solves 923
topology 6 refine 8 2.979333554086837e-05 solves 936
topology 6 refine 9 2.9786780831421428e-05 solves 943
topology 6 refine 10 2.9764140478616724e-05 solves 955
topology 6 refine 11 2.9738124813162022e-05 solves 967
topology 6 refine 12 2.9720968053510224e-05 solves 974
topology 6 refine 13 2.971562414972304e-05 solves 981
topology 6 refine 14 2.9702738763694565e-05 solves 994
topology 6 refine 15 2.9701246101739955e-05 solves 1002
topology 6 refine 16 2.968179984696709e-05 solves 1014
topology 6 refine 17 2.9660063611219452e-05 solves 1026
topology 6 refine 18 2.9659737679577926e-05 solves 1032
topology 6 refine 19 2.9642635982592753e-05 solves 1044
topology 6 refine 20 2.9638570606090708e-05 solves 1051
topology 6 refine 21 2.9637431811724796e-05 solves 1059
topology 6 refine 22 2.963299200370565e-05 solves 1072
topology 6 promote 0 2.963299200370565e-05 solves 1127
topology 6 promote 1 2.617018600551217e-05 solves 1130
topology 6 promote 2 2.3060873355867273e-05 solves 1134
topology 6 promote 3 2.1180213869207135e-05 solves 1140
topology 6 promote 4 2.0930325699852164e-05 solves 1151
topology 6 promote 5 1.9626156269139452e-05 solves 1163
topology 6 promote 6 1.939394840966458e-05 solves 1168
topology 6 promote 7 1.851182130593163e-05 solves 1173
topology 6 promote 8 1.8307097926668577e-05 solves 1181
topology 6 promote 9 1.8193262044195872e-05 solves 1195
topology 6 promote 10 1.8193222748821206e-05 solves 1209
topology 6 before promotion 2.963299200370565e-05 solves 1210
topology 6 PROMOTION accepted 1.8193222748821206e-05 solves 1210
topology 7 refine 0 1.8193222748821206e-05 solves 1212
topology 7 refine 1 1.784018686019212e-05 solves 1215
topology 7 refine 2 1.4335862666202796e-05 solves 1225
topology 7 refine 3 1.3400649683494693e-05 solves 1229
topology 7 refine 4 1.28594622952409e-05 solves 1234
topology 7 refine 5 1.2853045841191639e-05 solves 1239
topology 7 refine 6 1.2720755666731771e-05 solves 1251
topology 7 refine 7 1.2126854360053186e-05 solves 1257
topology 7 refine 8 1.1418491781505695e-05 solves 1273
topology 7 refine 9 1.1133633036762644e-05 solves 1279
topology 7 refine 10 1.1012362473668403e-05 solves 1290
topology 7 refine 11 1.0900779211181309e-05 solves 1295
topology 7 refine 12 1.0294921126656036e-05 solves 1307
topology 7 refine 13 8.616311903479295e-06 solves 1310
topology 7 refine 14 8.605704020493471e-06 solves 1317
topology 7 refine 15 8.493467316494771e-06 solves 1329
topology 7 refine 16 8.4032464377566e-06 solves 1341
topology 7 refine 17 8.292713703850191e-06 solves 1347
topology 7 refine 18 8.061778122544012e-06 solves 1358
topology 7 refine 19 7.819952062974018e-06 solves 1369
topology 7 refine 20 7.670938668824232e-06 solves 1374
topology 7 refine 21 7.243966190055407e-06 solves 1384
topology 7 refine 22 7.215819345780565e-06 solves 1389
topology 7 promote 0 7.215819345780565e-06 solves 1458
topology 7 promote 1 6.4261557205216654e-06 solves 1462
topology 7 promote 2 6.374659327683017e-06 solves 1470
topology 7 promote 3 6.14071425827163e-06 solves 1482
topology 7 promote 4 5.9902484372589965e-06 solves 1487
topology 7 promote 5 5.919776364198362e-06 solves 1500
topology 7 promote 6 5.8616511609135945e-06 solves 1506
topology 7 promote 7 5.820156811469314e-06 solves 1513
topology 7 promote 8 5.514503172780503e-06 solves 1525
topology 7 promote 9 5.410580531540295e-06 solves 1530
topology 7 promote 10 5.377568487206377e-06 solves 1544
topology 7 promote 11 4.679638303160447e-06 solves 1555
topology 7 promote 12 4.524116545036846e-06 solves 1561
topology 7 promote 13 4.513300656916163e-06 solves 1575
topology 7 promote 14 4.5082859940169656e-06 solves 1583
topology 7 promote 15 4.394029574713522e-06 solves 1595
topology 7 promote 16 4.377983784606247e-06 solves 1603
topology 7 promote 17 4.319667995205498e-06 solves 1616
topology 7 promote 18 4.283634641432376e-06 solves 1622
topology 7 promote 19 4.057442446329347e-06 solves 1627
topology 7 promote 20 3.956036775734616e-06 solves 1640
topology 7 promote 21 3.947814749339248e-06 solves 1647
topology 7 promote 22 3.865464410020524e-06 solves 1653
topology 7 before promotion 7.215819345780565e-06 solves 1654
topology 7 PROMOTION accepted 3.865464410020524e-06 solves 1654
topology 8 refine 0 3.865464410020524e-06 solves 1656
topology 8 refine 1 3.2196313338223806e-06 solves 1659
topology 8 refine 2 2.983634255421929e-06 solves 1669
topology 8 refine 3 2.8974133330428086e-06 solves 1674
topology 8 refine 4 2.846891641103817e-06 solves 1679
topology 8 refine 5 2.8276394877305266e-06 solves 1686
topology 8 refine 6 2.7659543082267864e-06 solves 1698
topology 8 refine 7 2.718197770009945e-06 solves 1711
topology 8 refine 8 2.6232684816276026e-06 solves 1716
topology 8 refine 9 2.6155059716931986e-06 solves 1724
topology 8 refine 10 2.6108956392811068e-06 solves 1736
topology 8 refine 11 2.5802353588149347e-06 solves 1749
topology 8 refine 12 2.5092708817061083e-06 solves 1754
topology 8 refine 13 2.474275066603725e-06 solves 1767
topology 8 refine 14 2.4171190852389156e-06 solves 1772
topology 8 refine 15 2.403497166812497e-06 solves 1784
topology 8 refine 16 2.390100529898077e-06 solves 1790
topology 8 refine 17 2.353956201166901e-06 solves 1801
topology 8 refine 18 2.33204464654327e-06 solves 1808
topology 8 refine 19 2.315096313793939e-06 solves 1821
topology 8 refine 20 2.232484363654004e-06 solves 1832
topology 8 refine 21 2.2290252739208644e-06 solves 1839
topology 8 refine 22 2.2216937933209913e-06 solves 1846
{"scene": "far-ellipse-star", "status": "TOPOLOGY_COMPLETE", "geometry": {"component_count": 2, "truth_component_count": 2, "matched_components": [{"recovered_component": "t001.birth", "truth_component": "truth.star", "hausdorff_m": 0.01916981745038229}, {"recovered_component": "t005.merge1", "truth_component": "truth.ellipse", "hausdorff_m": 0.01412733822836272}], "maximum_matched_hausdorff_m": 0.01916981745038229, "union_iou": 0.7647207480414455, "final_maximum_modes": [5, 9]}, "topology_seconds": 594.0252635569777, "continuation_feasible": true}
