stage 1 iteration 0 loss 2.221698630974434e-06 solves 14
stage 1 iteration 1 loss 2.0483032724618603e-06 solves 20
stage 1 iteration 2 loss 1.9585185547416914e-06 solves 25
stage 1 iteration 3 loss 1.8274281071430879e-06 solves 31
stage 1 iteration 4 loss 1.718453211017297e-06 solves 37
stage 1 iteration 5 loss 1.6281506752422e-06 solves 43
stage 1 iteration 6 loss 1.553165551633788e-06 solves 49
stage 1 iteration 7 loss 1.4916594230871626e-06 solves 55
stage 1 iteration 8 loss 1.439592509398077e-06 solves 62
stage 1 iteration 9 loss 1.390641928922627e-06 solves 69
stage 1 iteration 10 loss 1.3344858626955668e-06 solves 76
stage 1 iteration 11 loss 1.2495280933465415e-06 solves 83
stage 1 iteration 12 loss 1.183276859226055e-06 solves 90
stage 1 iteration 13 loss 1.1464190451876848e-06 solves 97
stage 1 iteration 14 loss 1.1087046865790103e-06 solves 104
stage 1 iteration 15 loss 1.0370656238714837e-06 solves 111
stage 1 iteration 16 loss 1.0093535041321305e-06 solves 118
stage 1 iteration 17 loss 9.855718251244445e-07 solves 125
stage 1 iteration 18 loss 9.553041478033238e-07 solves 132
stage 1 iteration 19 loss 9.469845856215967e-07 solves 139
stage 2 iteration 0 loss 0.00013145139082307438 solves 190
stage 2 iteration 1 loss 8.364414824279449e-05 solves 198
stage 2 iteration 2 loss 1.2882162654152303e-05 solves 204
stage 2 iteration 3 loss 2.9789399197597357e-06 solves 210
stage 2 iteration 4 loss 2.9787167642476557e-06 solves 222
stage 2 iteration 5 loss 2.8300339605300397e-06 solves 234
stage 2 iteration 6 loss 2.549871522508011e-06 solves 246
stage 2 iteration 7 loss 2.528768919486898e-06 solves 260
stage 2 iteration 8 loss 2.522443896412331e-06 solves 276
stage 2 iteration 9 loss 2.4677378679635393e-06 solves 292
stage 2 iteration 10 loss 2.3458971971287636e-06 solves 306
stage 2 iteration 11 loss 2.3370729135638935e-06 solves 322
stage 2 iteration 12 loss 2.21901486528131e-06 solves 336
stage 2 iteration 13 loss 2.185551791379543e-06 solves 352
stage 2 iteration 14 loss 2.124195972599844e-06 solves 366
stage 2 iteration 15 loss 2.0644964660212237e-06 solves 382
stage 2 iteration 16 loss 1.9439401411007312e-06 solves 396
stage 2 iteration 17 loss 1.874918956323889e-06 solves 410
stage 3 iteration 0 loss 3.0165282747015078e-05 solves 440
stage 3 iteration 1 loss 2.737426851077929e-05 solves 455
stage 3 iteration 2 loss 1.9737659618427002e-05 solves 467
stage 3 iteration 3 loss 1.6130371262498456e-05 solves 476
stage 3 iteration 4 loss 6.655290150291811e-07 solves 485
