{'fraction': 0.0, 'original_four_loss': np.float64(1.999736749646728e-05), 'augmented_six_loss': np.float64(0.012425621419058286), 'per_frequency_errors': array([0.00174799, 0.0030059 , 0.00617596, 0.01047595, 0.22444256,
       0.3139634 ])}
{'fraction': 0.001, 'original_four_loss': np.float64(2.0004200787953582e-05), 'augmented_six_loss': np.float64(0.012400037703440203), 'per_frequency_errors': array([0.00176201, 0.00301886, 0.00618431, 0.01046755, 0.22422207,
       0.31363176])}
{'fraction': 0.003, 'original_four_loss': np.float64(2.00593935477817e-05), 'augmented_six_loss': np.float64(0.012349193441330451), 'per_frequency_errors': array([0.00179099, 0.00304816, 0.00620665, 0.01046201, 0.22378435,
       0.3129703 ])}
{'fraction': 0.01, 'original_four_loss': np.float64(2.0680480832091925e-05), 'augmented_six_loss': np.float64(0.012174591983451903), 'per_frequency_errors': array([0.00190127, 0.00318359, 0.00634151, 0.01055836, 0.2222865 ,
       0.31067406])}
{'fraction': 0.03, 'original_four_loss': np.float64(2.5923059541682937e-05), 'augmented_six_loss': np.float64(0.011703481944880044), 'per_frequency_errors': array([0.00227028, 0.00378675, 0.00713489, 0.01170402, 0.21829412,
       0.30427303])}
{'fraction': 0.1, 'original_four_loss': np.float64(7.719453236572073e-05), 'augmented_six_loss': np.float64(0.010339452901714398), 'per_frequency_errors': array([0.0037421 , 0.00677436, 0.01198634, 0.02034671, 0.20738824,
       0.28363003])}
{'fraction': 0.2, 'original_four_loss': np.float64(0.00020249047713842208), 'augmented_six_loss': np.float64(0.008956472716265701), 'per_frequency_errors': array([0.00561669, 0.01080149, 0.0190379 , 0.0333056 , 0.19806587,
       0.25812334])}
{'fraction': 0.35, 'original_four_loss': np.float64(0.00039158460510447526), 'augmented_six_loss': np.float64(0.0074414287454849974), 'per_frequency_errors': array([0.00743909, 0.014811  , 0.02621074, 0.04659365, 0.18891453,
       0.22466813])}
{'fraction': 0.5, 'original_four_loss': np.float64(0.0004673570542365102), 'augmented_six_loss': np.float64(0.005832724765313921), 'per_frequency_errors': array([0.00795004, 0.01606808, 0.02851432, 0.05103336, 0.17356951,
       0.19007227])}
{'fraction': 0.7, 'original_four_loss': np.float64(0.0003253483155519122), 'augmented_six_loss': np.float64(0.0030367688917562036), 'per_frequency_errors': array([0.00654019, 0.01334397, 0.02372328, 0.04265157, 0.12927233,
       0.13087057])}
{'fraction': 0.9, 'original_four_loss': np.float64(5.851520167222508e-05), 'augmented_six_loss': np.float64(0.000461870532597002), 'per_frequency_errors': array([0.00275848, 0.00564942, 0.01004752, 0.01810093, 0.0513251 ,
       0.04939696])}
{'fraction': 1.0, 'original_four_loss': np.float64(2.2507518969205188e-20), 'augmented_six_loss': np.float64(1.19057882827842e-19), 'per_frequency_errors': array([6.53822004e-11, 1.11736286e-10, 1.96304269e-10, 3.53220832e-10,
       8.32826319e-10, 7.45006553e-10])}
