noise=0.01 labels=('plastic', 'plastic') start=0 loss=0.445595 evaluations=120
noise=0.01 labels=('plastic', 'plastic') start=1 loss=0.445595 evaluations=120
noise=0.01 labels=('plastic', 'plastic') start=2 loss=0.467595 evaluations=112
noise=0.01 labels=('plastic', 'plastic') start=3 loss=0.474155 evaluations=96
noise=0.01 labels=('plastic', 'plastic') start=4 loss=0.430121 evaluations=30
noise=0.01 labels=('plastic', 'metal') start=0 loss=4.86095e-05 evaluations=12
noise=0.01 labels=('plastic', 'metal') start=1 loss=0.771784 evaluations=120
noise=0.01 labels=('plastic', 'metal') start=2 loss=0.0460406 evaluations=95
noise=0.01 labels=('plastic', 'metal') start=3 loss=0.750489 evaluations=120
noise=0.01 labels=('plastic', 'metal') start=4 loss=4.86095e-05 evaluations=12
noise=0.01 labels=('metal', 'plastic') start=0 loss=0.547341 evaluations=79
noise=0.01 labels=('metal', 'plastic') start=1 loss=0.55479 evaluations=120
noise=0.01 labels=('metal', 'plastic') start=2 loss=0.655022 evaluations=120
noise=0.01 labels=('metal', 'plastic') start=3 loss=0.580378 evaluations=62
noise=0.01 labels=('metal', 'plastic') start=4 loss=0.526786 evaluations=57
noise=0.01 labels=('metal', 'metal') start=0 loss=0.138271 evaluations=60
noise=0.01 labels=('metal', 'metal') start=1 loss=0.138271 evaluations=62
noise=0.01 labels=('metal', 'metal') start=2 loss=0.332092 evaluations=114
noise=0.01 labels=('metal', 'metal') start=3 loss=0.847917 evaluations=120
noise=0.01 labels=('metal', 'metal') start=4 loss=0.138271 evaluations=53
noise=0.05 labels=('plastic', 'plastic') start=0 loss=0.445718 evaluations=120
noise=0.05 labels=('plastic', 'plastic') start=1 loss=0.445718 evaluations=120
noise=0.05 labels=('plastic', 'plastic') start=2 loss=0.468142 evaluations=90
noise=0.05 labels=('plastic', 'plastic') start=3 loss=0.497564 evaluations=76
noise=0.05 labels=('plastic', 'plastic') start=4 loss=0.431998 evaluations=30
noise=0.05 labels=('plastic', 'metal') start=0 loss=0.00120592 evaluations=13
noise=0.05 labels=('plastic', 'metal') start=1 loss=0.746055 evaluations=120
noise=0.05 labels=('plastic', 'metal') start=2 loss=0.0469838 evaluations=56
noise=0.05 labels=('plastic', 'metal') start=3 loss=0.7541 evaluations=120
noise=0.05 labels=('plastic', 'metal') start=4 loss=0.00120592 evaluations=12
noise=0.05 labels=('metal', 'plastic') start=0 loss=0.555062 evaluations=112
noise=0.05 labels=('metal', 'plastic') start=1 loss=0.554683 evaluations=111
noise=0.05 labels=('metal', 'plastic') start=2 loss=0.656188 evaluations=120
noise=0.05 labels=('metal', 'plastic') start=3 loss=0.580533 evaluations=66
noise=0.05 labels=('metal', 'plastic') start=4 loss=0.528749 evaluations=58
noise=0.05 labels=('metal', 'metal') start=0 loss=0.139779 evaluations=58
noise=0.05 labels=('metal', 'metal') start=1 loss=0.139779 evaluations=62
noise=0.05 labels=('metal', 'metal') start=2 loss=0.331065 evaluations=120
noise=0.05 labels=('metal', 'metal') start=3 loss=0.849163 evaluations=120
noise=0.05 labels=('metal', 'metal') start=4 loss=0.139779 evaluations=54
