topology 0 refine 0 0.9717599433839804 solves 4
topology 0 refine 1 0.9299415393512112 solves 8
topology 0 refine 2 0.8892844829174187 solves 12
topology 0 refine 3 0.8550111570002317 solves 16
topology 0 refine 4 0.8284097069148924 solves 20
topology 0 refine 5 0.8087028118382033 solves 24
topology 0 refine 6 0.7952718045039422 solves 28
topology 0 refine 7 0.7871287997394525 solves 32
topology 0 refine 8 0.7826780318944783 solves 36
topology 0 refine 9 0.7804065316390766 solves 40
topology 0 refine 10 0.7792915283242283 solves 44
topology 0 refine 11 0.7787554651162365 solves 48
topology 0 refine 12 0.7785004793716895 solves 52
topology 0 refine 13 0.7783798043429544 solves 56
topology 0 refine 14 0.7783227887509565 solves 60
topology 0 refine 15 0.7782958298652014 solves 64
topology 0 refine 16 0.778283044567791 solves 68
topology 0 refine 17 0.7782769475123015 solves 72
topology 0 refine 18 0.7782740143592004 solves 76
topology 0 refine 19 0.7782725847779434 solves 80
topology 0 refine 20 0.778271874976402 solves 84
topology 0 refine 21 0.7782715135469722 solves 88
topology 0 refine 22 0.7782713234224796 solves 92
topology 0 before death 0.7782713234224796 solves 172
topology 0 DEATH accepted 0.5 solves 172
topology 1 empty_domain 0.5 solves 172
topology 1 before birth 0.5 solves 268
topology 1 BIRTH accepted 0.30678729776184605 solves 268
topology 2 refine 0 0.30678729776184605 solves 272
topology 2 refine 1 0.30678630410069363 solves 276
topology 2 refine 2 0.3067862145541914 solves 280
topology 2 refine 3 0.3067862057464633 solves 284
topology 2 refine 4 0.30678620482589425 solves 288
topology 2 refine 5 0.3067862047259016 solves 292
topology 2 before birth 0.3067862047259016 solves 348
topology 2 BIRTH accepted 0.10804110523301615 solves 348
topology 3 refine 0 0.10804110523301615 solves 352
topology 3 refine 1 0.1080407942371263 solves 356
topology 3 refine 2 0.10804078035692151 solves 360
topology 3 refine 3 0.10804077961837319 solves 364
topology 3 refine 4 0.10804077957446226 solves 368
topology 3 before birth 0.10804077957446226 solves 446
topology 3 BIRTH accepted 6.121405435469872e-05 solves 446
topology 4 refine 0 6.121405435469872e-05 solves 450
topology 4 refine 1 6.12140420723047e-05 solves 454
topology 4 promote 0 6.12140420723047e-05 solves 598
topology 4 promote 1 6.100572050904167e-05 solves 602
topology 4 promote 2 6.099123924802876e-05 solves 606
topology 4 promote 3 6.099022062372799e-05 solves 610
topology 4 promote 4 6.099014806438516e-05 solves 614
topology 4 before promotion 6.12140420723047e-05 solves 616
topology 4 PROMOTION accepted 6.099014806438516e-05 solves 616
topology 5 refine 0 6.099014806438516e-05 solves 620
topology 5 refine 1 6.099014284694313e-05 solves 624
topology 5 promote 0 6.099014284694313e-05 solves 772
topology 5 promote 1 6.0878807022241374e-05 solves 776
topology 5 promote 2 6.087822442171603e-05 solves 780
topology 5 promote 3 6.087817676772118e-05 solves 784
topology 5 before promotion 6.099014284694313e-05 solves 786
topology 5 PROMOTION accepted 6.087817676772118e-05 solves 786
topology 6 refine 0 6.087817676772118e-05 solves 790
topology 6 refine 1 6.0878172446585754e-05 solves 794
topology 6 promote 0 6.0878172446585754e-05 solves 946
topology 6 promote 1 5.840244841816824e-05 solves 950
topology 6 promote 2 5.839312662788919e-05 solves 954
topology 6 promote 3 5.8393087967708525e-05 solves 958
topology 6 before promotion 6.0878172446585754e-05 solves 960
topology 6 PROMOTION accepted 5.8393087967708525e-05 solves 960
topology 7 refine 0 5.8393087967708525e-05 solves 964
topology 7 refine 1 5.83930864102178e-05 solves 968
topology 7 promote 0 5.83930864102178e-05 solves 1126
topology 7 promote 1 2.566920103130757e-05 solves 1130
topology 7 promote 2 1.6165519966866274e-05 solves 1134
topology 7 promote 3 1.6067410166435796e-05 solves 1138
topology 7 promote 4 1.6051749733453173e-05 solves 1142
topology 7 promote 5 1.6045055558891106e-05 solves 1146
topology 7 promote 6 1.6042138866610458e-05 solves 1150
topology 7 promote 7 1.6040859032099535e-05 solves 1154
topology 7 promote 8 1.6040294919609495e-05 solves 1158
topology 7 promote 9 1.604004553696272e-05 solves 1162
topology 7 promote 10 1.6039935072421034e-05 solves 1166
topology 7 promote 11 1.6039886077709713e-05 solves 1170
topology 7 before promotion 5.83930864102178e-05 solves 1172
topology 7 PROMOTION accepted 1.6039886077709713e-05 solves 1172
topology 8 refine 0 1.6039886077709713e-05 solves 1176
topology 8 refine 1 1.6039864378285528e-05 solves 1180
topology 8 promote 0 1.6039864378285528e-05 solves 1324
topology 8 promote 1 1.5070533027200138e-05 solves 1328
topology 8 promote 2 1.4902895912436507e-05 solves 1332
topology 8 promote 3 1.484244725055793e-05 solves 1336
topology 8 promote 4 1.4817736563118814e-05 solves 1340
topology 8 promote 5 1.4806469740935416e-05 solves 1344
topology 8 promote 6 1.4800831954336437e-05 solves 1348
topology 8 promote 7 1.4797975554506132e-05 solves 1352
topology 8 promote 8 1.4796397861155639e-05 solves 1356
topology 8 promote 9 1.4795515851072219e-05 solves 1360
topology 8 promote 10 1.4794989226099317e-05 solves 1364
topology 8 promote 11 1.479466761344396e-05 solves 1368
topology 8 promote 12 1.4794461921127585e-05 solves 1372
topology 8 promote 13 1.4794327113853207e-05 solves 1376
topology 8 promote 14 1.4794236079225351e-05 solves 1380
topology 8 before promotion 1.6039864378285528e-05 solves 1382
topology 8 PROMOTION accepted 1.4794236079225351e-05 solves 1382
topology 9 refine 0 1.4794236079225351e-05 solves 1386
topology 9 refine 1 1.4794172158721223e-05 solves 1390
topology 9 promote 0 1.4794172158721223e-05 solves 1510
topology 9 promote 1 1.1994758824112882e-05 solves 1516
topology 9 promote 2 1.1629309535959367e-05 solves 1520
topology 9 promote 3 1.161246413482941e-05 solves 1524
topology 9 promote 4 1.158577017588048e-05 solves 1530
topology 9 promote 5 1.1583812801309016e-05 solves 1534
topology 9 promote 6 1.1582975642991449e-05 solves 1538
topology 9 promote 7 1.1582608776963322e-05 solves 1542
topology 9 promote 8 1.1582487419851265e-05 solves 1546
topology 9 promote 9 1.1582084811252195e-05 solves 1552
topology 9 promote 10 1.158200636781565e-05 solves 1556
topology 9 before promotion 1.4794172158721223e-05 solves 1558
topology 9 PROMOTION accepted 1.158200636781565e-05 solves 1558
topology 10 refine 0 1.158200636781565e-05 solves 1562
topology 10 refine 1 1.1581967457676223e-05 solves 1566
topology 10 promote 0 1.1581967457676223e-05 solves 1684
topology 10 promote 1 1.1318616526790194e-05 solves 1688
topology 10 promote 2 1.0410459554178176e-05 solves 1692
topology 10 promote 3 9.179170738697518e-06 solves 1698
topology 10 promote 4 8.189979615214142e-06 solves 1704
topology 10 promote 5 7.378967142046063e-06 solves 1710
topology 10 promote 6 6.067949398211804e-06 solves 1716
topology 10 promote 7 4.685562084630365e-06 solves 1722
topology 10 promote 8 3.621250855920862e-06 solves 1728
topology 10 promote 9 2.821764606116687e-06 solves 1734
topology 10 promote 10 1.8961421776231953e-06 solves 1740
topology 10 promote 11 9.781020024585977e-07 solves 1744
topology 10 promote 12 1.9020769607820817e-09 solves 1748
topology 10 promote 13 1.2107143274370695e-09 solves 1752
topology 10 before promotion 1.1581967457676223e-05 solves 1754
topology 10 PROMOTION accepted 1.2107143274370695e-09 solves 1754
topology 11 refine 0 1.2107143274370695e-09 solves 1758
{"scene": "far-three-shapes", "status": "TOPOLOGY_COMPLETE", "geometry": {"component_count": 3, "truth_component_count": 3, "matched_components": [{"recovered_component": "t002.birth", "truth_component": "truth.star", "hausdorff_m": 6.240263301174196e-05}, {"recovered_component": "t003.birth", "truth_component": "truth.ellipse", "hausdorff_m": 0.0005379993329049445}, {"recovered_component": "t004.birth", "truth_component": "truth.circle", "hausdorff_m": 2.2140232229917298e-05}], "maximum_matched_hausdorff_m": 0.0005379993329049445, "union_iou": 0.9903878024527677, "final_maximum_modes": [6, 5, 5]}, "topology_seconds": 771.4071385459974, "continuation_feasible": true}
