topology 0 refine 0 1.2371792342910668 solves 2
topology 0 refine 1 1.2072280092480088 solves 4
topology 0 refine 2 1.1818398318386807 solves 6
topology 0 refine 3 1.153646839676305 solves 8
topology 0 refine 4 1.112369017099265 solves 10
topology 0 refine 5 1.0426055361467583 solves 12
topology 0 refine 6 0.9202900766720425 solves 14
topology 0 refine 7 0.7218363864655695 solves 16
topology 0 refine 8 0.5560187737503415 solves 18
topology 0 refine 9 0.54892651765302 solves 20
topology 0 before birth 0.54892651765302 solves 117
topology 0 BIRTH accepted 0.3156485695632463 solves 117
topology 1 refine 0 0.3156485695632463 solves 119
topology 1 before split 0.3156485695632463 solves 227
topology 1 SPLIT accepted 0.11459697946399774 solves 227
topology 2 refine 0 0.11459697946399774 solves 229
topology 2 refine 1 0.11206601263720181 solves 231
topology 2 refine 2 0.1115886300469824 solves 233
topology 2 refine 3 0.11150050759186725 solves 235
topology 2 refine 4 0.11147786436166225 solves 237
topology 2 refine 5 0.11147000673440584 solves 239
topology 2 refine 6 0.11146635338091207 solves 241
topology 2 refine 7 0.11146424705068138 solves 243
topology 2 refine 8 0.11146289574273475 solves 245
topology 2 refine 9 0.11146198136821611 solves 247
topology 2 refine 10 0.11146134669208282 solves 249
topology 2 refine 11 0.11146089885728322 solves 251
topology 2 refine 12 0.11146057934432366 solves 253
topology 2 refine 13 0.11146034934888477 solves 255
topology 2 refine 14 0.11146018261318992 solves 257
topology 2 refine 15 0.11146006101419642 solves 259
topology 2 refine 16 0.11145997188973295 solves 261
topology 2 refine 17 0.1114599062897296 solves 263
topology 2 refine 18 0.11145985783103321 solves 265
topology 2 refine 19 0.11145982192459011 solves 267
topology 2 refine 20 0.11145979524911938 solves 269
topology 2 refine 21 0.11145977538687488 solves 271
topology 2 refine 22 0.11145976056910145 solves 273
topology 2 before birth 0.11145976056910145 solves 347
topology 2 BIRTH accepted 0.04225999862732688 solves 347
topology 3 refine 0 0.04225999862732688 solves 349
topology 3 refine 1 0.04193952970546362 solves 351
topology 3 refine 2 0.04186722607873812 solves 353
topology 3 refine 3 0.04184211956036382 solves 355
topology 3 refine 4 0.04183516277653551 solves 357
topology 3 refine 5 0.041832898315836045 solves 359
topology 3 refine 6 0.04183221858460754 solves 361
topology 3 refine 7 0.04183200232437551 solves 363
topology 3 refine 8 0.041831935282541616 solves 365
topology 3 refine 9 0.04183191407195546 solves 367
topology 3 refine 10 0.04183190741217445 solves 369
topology 3 refine 11 0.04183190530602924 solves 371
topology 3 refine 12 0.041831904641286805 solves 373
topology 3 refine 13 0.04183190443093056 solves 375
topology 3 refine 14 0.041831904364389695 solves 377
topology 3 before birth 0.041831904364389695 solves 447
topology 3 BIRTH accepted 0.021862669062984598 solves 447
topology 4 refine 0 0.021862669062984598 solves 449
topology 4 refine 1 0.021753192717196668 solves 451
topology 4 refine 2 0.021733867905573277 solves 453
topology 4 refine 3 0.02172809233164644 solves 455
topology 4 refine 4 0.02172773677766893 solves 457
topology 4 before birth 0.02172773677766893 solves 523
topology 4 BIRTH accepted 0.016862118577615798 solves 523
topology 5 refine 0 0.016862118577615798 solves 525
topology 5 before birth 0.016862118577615798 solves 608
topology 5 BIRTH accepted 0.008046871673268511 solves 608
topology 6 refine 0 0.008046871673268511 solves 610
topology 6 refine 1 0.00788411537694858 solves 612
topology 6 refine 2 0.007839658521181101 solves 614
topology 6 refine 3 0.007812318527648676 solves 616
topology 6 refine 4 0.007780696209569874 solves 618
topology 6 refine 5 0.007773598004158412 solves 620
topology 6 refine 6 0.007773325185226335 solves 622
topology 6 before birth 0.007773325185226335 solves 714
topology 6 BIRTH accepted 0.005892142122038005 solves 714
topology 7 refine 0 0.005892142122038005 solves 716
topology 7 refine 1 0.0058690519171457935 solves 718
topology 7 refine 2 0.005861474775725453 solves 720
topology 7 refine 3 0.005858377416827411 solves 722
topology 7 refine 4 0.0058535258381644095 solves 724
topology 7 refine 5 0.005798067270399816 solves 726
topology 7 refine 6 0.0057789724146212395 solves 728
topology 7 refine 7 0.00577556013202901 solves 730
topology 7 refine 8 0.005770410115731818 solves 732
topology 7 refine 9 0.005769481450961674 solves 734
topology 7 refine 10 0.00574907408149586 solves 736
topology 7 refine 11 0.005745131915455892 solves 738
topology 7 refine 12 0.00574241429442261 solves 740
topology 7 refine 13 0.005738754515258555 solves 742
topology 7 refine 14 0.005738568299912688 solves 744
topology 7 refine 15 0.005737754210848324 solves 746
topology 7 refine 16 0.0057364030560547764 solves 748
topology 7 refine 17 0.005736333319940345 solves 750
topology 7 refine 18 0.005736286526594376 solves 752
topology 7 refine 19 0.0057362239996942375 solves 754
topology 7 refine 20 0.005735890358459733 solves 756
topology 7 refine 21 0.005735820950797681 solves 758
topology 7 refine 22 0.005735774645803903 solves 760
{"scene": "far-three-shapes", "status": "STOPPED", "geometry": {"component_count": 8, "truth_component_count": 3, "matched_components": [{"recovered_component": "t001.birth", "truth_component": "truth.star", "hausdorff_m": 0.013930488111987584}, {"recovered_component": "t003.birth", "truth_component": "truth.circle", "hausdorff_m": 0.018048351599914993}, {"recovered_component": "t006.birth", "truth_component": "truth.ellipse", "hausdorff_m": 0.02992679622269232}], "maximum_matched_hausdorff_m": 0.02992679622269232, "union_iou": 0.37911869789599045, "final_maximum_modes": [1, 1, 1, 1, 1, 1, 1, 1]}, "topology_seconds": 900.0012543170014, "continuation_feasible": true}
