topology 0 refine 0 0.8909350370661638 solves 4
topology 0 refine 1 0.8518991587102899 solves 8
topology 0 refine 2 0.8487771156395227 solves 12
topology 0 refine 3 0.8483857105757342 solves 16
topology 0 refine 4 0.8482550823342003 solves 20
topology 0 refine 5 0.8481629486495109 solves 24
topology 0 refine 6 0.8480846014045318 solves 28
topology 0 refine 7 0.8480152990195056 solves 32
topology 0 refine 8 0.8479529640292892 solves 36
topology 0 refine 9 0.8478962449080671 solves 40
topology 0 refine 10 0.8478441776886575 solves 44
topology 0 refine 11 0.8477960558112319 solves 48
topology 0 refine 12 0.8477513512748434 solves 52
topology 0 refine 13 0.8477096612746203 solves 56
topology 0 refine 14 0.8476706713502813 solves 60
topology 0 refine 15 0.8476341298475918 solves 64
topology 0 refine 16 0.8475998302083626 solves 68
topology 0 refine 17 0.8475675986817579 solves 72
topology 0 refine 18 0.847537285785239 solves 76
topology 0 refine 19 0.8475087603546909 solves 80
topology 0 refine 20 0.8474819053800184 solves 84
topology 0 refine 21 0.8474566150704753 solves 88
topology 0 refine 22 0.8474327927668021 solves 92
topology 0 before death 0.8474327927668021 solves 161
topology 0 DEATH accepted 0.5 solves 161
topology 1 empty_domain 0.5 solves 161
topology 1 before birth 0.5 solves 221
topology 1 BIRTH accepted 0.2380510302536835 solves 221
topology 2 refine 0 0.2380510302536835 solves 225
topology 2 refine 1 0.23803609005840248 solves 229
topology 2 refine 2 0.23803563990624138 solves 233
topology 2 refine 3 0.23803562548212795 solves 237
topology 2 refine 4 0.23803562500980946 solves 241
topology 2 refine 5 0.23803562499422193 solves 245
topology 2 before birth 0.23803562499422193 solves 309
topology 2 BIRTH accepted 0.0008781252225862039 solves 309
topology 3 refine 0 0.0008781252225862039 solves 313
topology 3 refine 1 0.0008780421943233049 solves 317
topology 3 refine 2 0.0008780419524580395 solves 321
topology 3 promote 0 0.0008780419524580395 solves 471
topology 3 promote 1 0.000854984016283055 solves 475
topology 3 promote 2 0.0008539894375993365 solves 479
topology 3 promote 3 0.00085394009699633 solves 483
topology 3 promote 4 0.0008539372455125037 solves 487
topology 3 promote 5 0.0008539370599560624 solves 491
topology 3 promote 6 0.0008539370469680076 solves 495
topology 3 before promotion 0.0008780419524580395 solves 497
topology 3 PROMOTION accepted 0.0008539370469680076 solves 497
topology 4 refine 0 0.0008539370469680076 solves 501
topology 4 promote 0 0.0008539370469680076 solves 647
topology 4 promote 1 0.0007001095762881749 solves 651
topology 4 promote 2 0.0006963478469515386 solves 655
topology 4 promote 3 0.0006961468577591908 solves 659
topology 4 promote 4 0.0006961338268401754 solves 663
topology 4 promote 5 0.000696132970964516 solves 667
topology 4 promote 6 0.0006961329145088843 solves 671
topology 4 before promotion 0.0008539370469680076 solves 673
topology 4 PROMOTION accepted 0.0006961329145088843 solves 673
topology 5 refine 0 0.0006961329145088843 solves 677
topology 5 refine 1 0.0006961329107809931 solves 681
topology 5 promote 0 0.0006961329107809931 solves 825
topology 5 promote 1 0.0005104302563134911 solves 829
topology 5 promote 2 0.00030173212620536726 solves 833
topology 5 promote 3 0.0002718001637590703 solves 837
topology 5 promote 4 0.00026878069746429637 solves 841
topology 5 promote 5 0.000268074571306641 solves 845
topology 5 promote 6 0.0002678697028948675 solves 849
topology 5 promote 7 0.00026780928580542277 solves 853
topology 5 promote 8 0.0002677914783526541 solves 857
topology 5 promote 9 0.00026778623478203426 solves 861
topology 5 promote 10 0.00026778469159464307 solves 865
topology 5 promote 11 0.0002677842375625881 solves 869
topology 5 promote 12 0.000267784103998933 solves 873
topology 5 promote 13 0.0002677840647115372 solves 877
topology 5 before promotion 0.0006961329107809931 solves 879
topology 5 PROMOTION accepted 0.0002677840647115372 solves 879
topology 6 refine 0 0.0002677840647115372 solves 883
topology 6 refine 1 0.00026778405318149786 solves 887
topology 6 promote 0 0.00026778405318149786 solves 1041
topology 6 promote 1 0.00022201794820085293 solves 1045
topology 6 promote 2 0.00020737869008394916 solves 1049
topology 6 promote 3 0.0002072085469430378 solves 1053
topology 6 promote 4 0.00020718792388757095 solves 1057
topology 6 promote 5 0.00020718459669091083 solves 1061
topology 6 promote 6 0.00020718405013955311 solves 1065
topology 6 promote 7 0.00020718396007692017 solves 1069
topology 6 before promotion 0.00026778405318149786 solves 1071
topology 6 PROMOTION accepted 0.00020718396007692017 solves 1071
topology 7 refine 0 0.00020718396007692017 solves 1075
topology 7 refine 1 0.00020718394525212413 solves 1079
topology 7 promote 0 0.00020718394525212413 solves 1217
topology 7 promote 1 0.0001548144918560139 solves 1223
topology 7 promote 2 0.00010503202501896633 solves 1229
topology 7 promote 3 6.209531561021653e-05 solves 1235
topology 7 promote 4 3.73021621816244e-05 solves 1239
topology 7 promote 5 2.8500835042015323e-06 solves 1243
topology 7 promote 6 1.0086194520619696e-08 solves 1247
topology 7 promote 7 7.339308512337161e-09 solves 1251
topology 7 before promotion 0.00020718394525212413 solves 1253
topology 7 PROMOTION accepted 7.339308512337161e-09 solves 1253
topology 8 refine 0 7.339308512337161e-09 solves 1257
{"scene": "far-ellipse-star", "status": "TOPOLOGY_COMPLETE", "geometry": {"component_count": 2, "truth_component_count": 2, "matched_components": [{"recovered_component": "t002.birth", "truth_component": "truth.star", "hausdorff_m": 2.946674163846963e-05}, {"recovered_component": "t003.birth", "truth_component": "truth.ellipse", "hausdorff_m": 0.0006370301482162637}], "maximum_matched_hausdorff_m": 0.0006370301482162637, "union_iou": 0.9920273348519362, "final_maximum_modes": [6, 5]}, "topology_seconds": 300.07037722691894, "continuation_feasible": true}
